CoincidenceBlockingByRun
manifest: /home/cdaq/users/rparvez/RP_Scripts/rate_dependence_v1/settings/pass4/pi-sidis/LH2/z0p5/x0p25/Q23p3/hmsPneg1p531_shmsPneg3p632_hmsTh29p045_shmsTh11p075_thpq5p2/manifest.json
setting_dir: /home/cdaq/users/rparvez/RP_Scripts/rate_dependence_v1/settings/pass4/pi-sidis/LH2/z0p5/x0p25/Q23p3/hmsPneg1p531_shmsPneg3p632_hmsTh29p045_shmsTh11p075_thpq5p2
setting_id: hmsPneg1p531_shmsPneg3p632_hmsTh29p045_shmsTh11p075_thpq5p2
results_base: /home/cdaq/users/rparvez/RP_Scripts/rate_dependence_v1/results/pass4/pi-sidis/LH2/z0p5/x0p25/Q23p3/hmsPneg1p531_shmsPneg3p632_hmsTh29p045_shmsTh11p075_thpq5p2
log: /home/cdaq/users/rparvez/RP_Scripts/rate_dependence_v1/results/pass4/pi-sidis/LH2/z0p5/x0p25/Q23p3/hmsPneg1p531_shmsPneg3p632_hmsTh29p045_shmsTh11p075_thpq5p2/logs/CoincidenceBlockingByRun.log

Loaded rows from run_metadata.csv: 42
WARNING [run 24690]: cannot open ROOT file: ./Pass0_ROOTfiles/coin_replay_production_24690_-1.root
WARNING [run 24691]: cannot open ROOT file: ./Pass0_ROOTfiles/coin_replay_production_24691_-1.root
WARNING [run 24692]: cannot open ROOT file: ./Pass0_ROOTfiles/coin_replay_production_24692_-1.root
WARNING [run 24693]: cannot open ROOT file: ./Pass0_ROOTfiles/coin_replay_production_24693_-1.root
WARNING [run 24694]: cannot open ROOT file: ./Pass0_ROOTfiles/coin_replay_production_24694_-1.root
WARNING [run 24695]: cannot open ROOT file: ./Pass0_ROOTfiles/coin_replay_production_24695_-1.root
WARNING [run 24696]: cannot open ROOT file: ./Pass0_ROOTfiles/coin_replay_production_24696_-1.root
WARNING [run 24697]: cannot open ROOT file: ./Pass0_ROOTfiles/coin_replay_production_24697_-1.root
WARNING [run 24698]: cannot open ROOT file: ./Pass0_ROOTfiles/coin_replay_production_24698_-1.root
WARNING [run 24699]: cannot open ROOT file: ./Pass0_ROOTfiles/coin_replay_production_24699_-1.root
WARNING [run 24701]: cannot open ROOT file: ./Pass0_ROOTfiles/coin_replay_production_24701_-1.root
WARNING [run 24702]: cannot open ROOT file: ./Pass0_ROOTfiles/coin_replay_production_24702_-1.root
WARNING [run 24703]: cannot open ROOT file: ./Pass0_ROOTfiles/coin_replay_production_24703_-1.root
WARNING [run 24713]: cannot open ROOT file: ./Pass0_ROOTfiles/coin_replay_production_24713_-1.root
WARNING [run 24714]: cannot open ROOT file: ./Pass0_ROOTfiles/coin_replay_production_24714_-1.root
WARNING [run 24715]: cannot open ROOT file: ./Pass0_ROOTfiles/coin_replay_production_24715_-1.root
WARNING [run 24716]: cannot open ROOT file: ./Pass0_ROOTfiles/coin_replay_production_24716_-1.root
WARNING [run 24717]: cannot open ROOT file: ./Pass0_ROOTfiles/coin_replay_production_24717_-1.root
WARNING [run 24718]: cannot open ROOT file: ./Pass0_ROOTfiles/coin_replay_production_24718_-1.root
WARNING [run 24719]: cannot open ROOT file: ./Pass0_ROOTfiles/coin_replay_production_24719_-1.root
WARNING [run 24720]: cannot open ROOT file: ./Pass0_ROOTfiles/coin_replay_production_24720_-1.root
WARNING [run 24721]: cannot open ROOT file: ./Pass0_ROOTfiles/coin_replay_production_24721_-1.root
WARNING [run 24722]: cannot open ROOT file: ./Pass0_ROOTfiles/coin_replay_production_24722_-1.root
WARNING [run 24723]: cannot open ROOT file: ./Pass0_ROOTfiles/coin_replay_production_24723_-1.root
WARNING [run 24724]: cannot open ROOT file: ./Pass0_ROOTfiles/coin_replay_production_24724_-1.root
WARNING [run 24725]: cannot open ROOT file: ./Pass0_ROOTfiles/coin_replay_production_24725_-1.root
WARNING [run 24726]: cannot open ROOT file: ./Pass0_ROOTfiles/coin_replay_production_24726_-1.root
WARNING [run 24727]: cannot open ROOT file: ./Pass0_ROOTfiles/coin_replay_production_24727_-1.root
WARNING [run 24728]: cannot open ROOT file: ./Pass0_ROOTfiles/coin_replay_production_24728_-1.root
WARNING [run 24729]: cannot open ROOT file: ./Pass0_ROOTfiles/coin_replay_production_24729_-1.root
WARNING [run 24861]: cannot open ROOT file: ./Pass0_ROOTfiles/coin_replay_production_24861_-1.root
WARNING [run 24862]: cannot open ROOT file: ./Pass0_ROOTfiles/coin_replay_production_24862_-1.root
WARNING [run 24863]: cannot open ROOT file: ./Pass0_ROOTfiles/coin_replay_production_24863_-1.root
WARNING [run 24864]: cannot open ROOT file: ./Pass0_ROOTfiles/coin_replay_production_24864_-1.root
WARNING [run 24707]: cannot open ROOT file: ./Pass0_ROOTfiles/coin_replay_production_24707_-1.root
WARNING [run 24708]: cannot open ROOT file: ./Pass0_ROOTfiles/coin_replay_production_24708_-1.root
WARNING [run 24709]: cannot open ROOT file: ./Pass0_ROOTfiles/coin_replay_production_24709_-1.root
WARNING [run 24710]: cannot open ROOT file: ./Pass0_ROOTfiles/coin_replay_production_24710_-1.root
WARNING [run 24730]: cannot open ROOT file: ./Pass0_ROOTfiles/coin_replay_production_24730_-1.root
WARNING [run 24731]: cannot open ROOT file: ./Pass0_ROOTfiles/coin_replay_production_24731_-1.root
WARNING [run 24732]: cannot open ROOT file: ./Pass0_ROOTfiles/coin_replay_production_24732_-1.root
WARNING [run 24733]: cannot open ROOT file: ./Pass0_ROOTfiles/coin_replay_production_24733_-1.root

Wrote CSV: /home/cdaq/users/rparvez/RP_Scripts/rate_dependence_v1/results/pass4/pi-sidis/LH2/z0p5/x0p25/Q23p3/hmsPneg1p531_shmsPneg3p632_hmsTh29p045_shmsTh11p075_thpq5p2/tables/coincidence_blocking_by_run.csv
