CoincidenceBlockingByRun
manifest: /home/cdaq/users/rparvez/RP_Scripts/rate_dependence_v1/settings/pass4/pi-sidis/LH2/z0p5/x0p25/Q23p3/hmsPneg1p531_shmsPneg3p632_hmsTh29p045_shmsTh7p865_thpq2/manifest.json
setting_dir: /home/cdaq/users/rparvez/RP_Scripts/rate_dependence_v1/settings/pass4/pi-sidis/LH2/z0p5/x0p25/Q23p3/hmsPneg1p531_shmsPneg3p632_hmsTh29p045_shmsTh7p865_thpq2
setting_id: hmsPneg1p531_shmsPneg3p632_hmsTh29p045_shmsTh7p865_thpq2
results_base: /home/cdaq/users/rparvez/RP_Scripts/rate_dependence_v1/results/pass4/pi-sidis/LH2/z0p5/x0p25/Q23p3/hmsPneg1p531_shmsPneg3p632_hmsTh29p045_shmsTh7p865_thpq2
log: /home/cdaq/users/rparvez/RP_Scripts/rate_dependence_v1/results/pass4/pi-sidis/LH2/z0p5/x0p25/Q23p3/hmsPneg1p531_shmsPneg3p632_hmsTh29p045_shmsTh7p865_thpq2/logs/CoincidenceBlockingByRun.log

Loaded rows from run_metadata.csv: 28
WARNING [run 24089]: cannot open ROOT file: ./Pass0_ROOTfiles/coin_replay_production_24089_-1.root
WARNING [run 24091]: cannot open ROOT file: ./Pass0_ROOTfiles/coin_replay_production_24091_-1.root
WARNING [run 24092]: cannot open ROOT file: ./Pass0_ROOTfiles/coin_replay_production_24092_-1.root
WARNING [run 24093]: cannot open ROOT file: ./Pass0_ROOTfiles/coin_replay_production_24093_-1.root
WARNING [run 24094]: cannot open ROOT file: ./Pass0_ROOTfiles/coin_replay_production_24094_-1.root
WARNING [run 24095]: cannot open ROOT file: ./Pass0_ROOTfiles/coin_replay_production_24095_-1.root
WARNING [run 24096]: cannot open ROOT file: ./Pass0_ROOTfiles/coin_replay_production_24096_-1.root
WARNING [run 24130]: cannot open ROOT file: ./Pass0_ROOTfiles/coin_replay_production_24130_-1.root
WARNING [run 24131]: cannot open ROOT file: ./Pass0_ROOTfiles/coin_replay_production_24131_-1.root
WARNING [run 24132]: cannot open ROOT file: ./Pass0_ROOTfiles/coin_replay_production_24132_-1.root
WARNING [run 24133]: cannot open ROOT file: ./Pass0_ROOTfiles/coin_replay_production_24133_-1.root
WARNING [run 24134]: cannot open ROOT file: ./Pass0_ROOTfiles/coin_replay_production_24134_-1.root
WARNING [run 24135]: cannot open ROOT file: ./Pass0_ROOTfiles/coin_replay_production_24135_-1.root
WARNING [run 24150]: cannot open ROOT file: ./Pass0_ROOTfiles/coin_replay_production_24150_-1.root
WARNING [run 24151]: cannot open ROOT file: ./Pass0_ROOTfiles/coin_replay_production_24151_-1.root
WARNING [run 24153]: cannot open ROOT file: ./Pass0_ROOTfiles/coin_replay_production_24153_-1.root
WARNING [run 24155]: cannot open ROOT file: ./Pass0_ROOTfiles/coin_replay_production_24155_-1.root
WARNING [run 24156]: cannot open ROOT file: ./Pass0_ROOTfiles/coin_replay_production_24156_-1.root
WARNING [run 24157]: cannot open ROOT file: ./Pass0_ROOTfiles/coin_replay_production_24157_-1.root
WARNING [run 24178]: cannot open ROOT file: ./Pass0_ROOTfiles/coin_replay_production_24178_-1.root
WARNING [run 24179]: cannot open ROOT file: ./Pass0_ROOTfiles/coin_replay_production_24179_-1.root
WARNING [run 24593]: cannot open ROOT file: ./Pass0_ROOTfiles/coin_replay_production_24593_-1.root
WARNING [run 24594]: cannot open ROOT file: ./Pass0_ROOTfiles/coin_replay_production_24594_-1.root
WARNING [run 24116]: cannot open ROOT file: ./Pass0_ROOTfiles/coin_replay_production_24116_-1.root
WARNING [run 24117]: cannot open ROOT file: ./Pass0_ROOTfiles/coin_replay_production_24117_-1.root
WARNING [run 24171]: cannot open ROOT file: ./Pass0_ROOTfiles/coin_replay_production_24171_-1.root
WARNING [run 24172]: cannot open ROOT file: ./Pass0_ROOTfiles/coin_replay_production_24172_-1.root
WARNING [run 24595]: cannot open ROOT file: ./Pass0_ROOTfiles/coin_replay_production_24595_-1.root

Wrote CSV: /home/cdaq/users/rparvez/RP_Scripts/rate_dependence_v1/results/pass4/pi-sidis/LH2/z0p5/x0p25/Q23p3/hmsPneg1p531_shmsPneg3p632_hmsTh29p045_shmsTh7p865_thpq2/tables/coincidence_blocking_by_run.csv
