CoincidenceBlockingByRun
manifest: /home/cdaq/users/rparvez/RP_Scripts/rate_dependence_v1/settings/pass5/pi+sidis/LD2/z0p67/x0p25/Q23p3/hmsPneg3p642_shmsP4p868_hmsTh16p75_shmsTh7p51_thpqneg0p8/manifest.json
setting_dir: /home/cdaq/users/rparvez/RP_Scripts/rate_dependence_v1/settings/pass5/pi+sidis/LD2/z0p67/x0p25/Q23p3/hmsPneg3p642_shmsP4p868_hmsTh16p75_shmsTh7p51_thpqneg0p8
setting_id: hmsPneg3p642_shmsP4p868_hmsTh16p75_shmsTh7p51_thpqneg0p8
results_base: /home/cdaq/users/rparvez/RP_Scripts/rate_dependence_v1/results/pass5/pi+sidis/LD2/z0p67/x0p25/Q23p3/hmsPneg3p642_shmsP4p868_hmsTh16p75_shmsTh7p51_thpqneg0p8
log: /home/cdaq/users/rparvez/RP_Scripts/rate_dependence_v1/results/pass5/pi+sidis/LD2/z0p67/x0p25/Q23p3/hmsPneg3p642_shmsP4p868_hmsTh16p75_shmsTh7p51_thpqneg0p8/logs/CoincidenceBlockingByRun.log

Loaded rows from run_metadata.csv: 13
WARNING [run 24907]: cannot open ROOT file: ./Pass0_ROOTfiles/coin_replay_production_24907_-1.root
WARNING [run 24908]: cannot open ROOT file: ./Pass0_ROOTfiles/coin_replay_production_24908_-1.root
WARNING [run 24909]: cannot open ROOT file: ./Pass0_ROOTfiles/coin_replay_production_24909_-1.root
WARNING [run 24910]: cannot open ROOT file: ./Pass0_ROOTfiles/coin_replay_production_24910_-1.root
WARNING [run 24938]: cannot open ROOT file: ./Pass0_ROOTfiles/coin_replay_production_24938_-1.root
WARNING [run 24939]: cannot open ROOT file: ./Pass0_ROOTfiles/coin_replay_production_24939_-1.root
WARNING [run 24943]: cannot open ROOT file: ./Pass0_ROOTfiles/coin_replay_production_24943_-1.root
WARNING [run 24944]: cannot open ROOT file: ./Pass0_ROOTfiles/coin_replay_production_24944_-1.root
WARNING [run 24945]: cannot open ROOT file: ./Pass0_ROOTfiles/coin_replay_production_24945_-1.root
WARNING [run 24946]: cannot open ROOT file: ./Pass0_ROOTfiles/coin_replay_production_24946_-1.root
WARNING [run 24947]: cannot open ROOT file: ./Pass0_ROOTfiles/coin_replay_production_24947_-1.root
WARNING [run 24924]: cannot open ROOT file: ./Pass0_ROOTfiles/coin_replay_production_24924_-1.root
WARNING [run 24952]: cannot open ROOT file: ./Pass0_ROOTfiles/coin_replay_production_24952_-1.root

Wrote CSV: /home/cdaq/users/rparvez/RP_Scripts/rate_dependence_v1/results/pass5/pi+sidis/LD2/z0p67/x0p25/Q23p3/hmsPneg3p642_shmsP4p868_hmsTh16p75_shmsTh7p51_thpqneg0p8/tables/coincidence_blocking_by_run.csv
