YieldRatioVsTrigger (v1, signal-only)
manifest: /home/cdaq/users/rparvez/RP_Scripts/rate_dependence_v1/settings/pass4/pi+sidis/LD2/z0p36/x0p25/Q23p3/hmsPneg1p531_shmsP2p615_hmsTh29p045_shmsTh7p865_thpq2/manifest.json
setting_dir: /home/cdaq/users/rparvez/RP_Scripts/rate_dependence_v1/settings/pass4/pi+sidis/LD2/z0p36/x0p25/Q23p3/hmsPneg1p531_shmsP2p615_hmsTh29p045_shmsTh7p865_thpq2
results_base: /home/cdaq/users/rparvez/RP_Scripts/rate_dependence_v1/results/pass4/pi+sidis/LD2/z0p36/x0p25/Q23p3/hmsPneg1p531_shmsP2p615_hmsTh29p045_shmsTh7p865_thpq2
log: /home/cdaq/users/rparvez/RP_Scripts/rate_dependence_v1/results/pass4/pi+sidis/LD2/z0p36/x0p25/Q23p3/hmsPneg1p531_shmsP2p615_hmsTh29p045_shmsTh7p865_thpq2/logs/YieldRatioVsTrigger.log

Loaded /home/cdaq/users/rparvez/RP_Scripts/rate_dependence_v1/results/pass4/pi+sidis/LD2/z0p36/x0p25/Q23p3/hmsPneg1p531_shmsP2p615_hmsTh29p045_shmsTh7p865_thpq2/tables/yield_vs_trigger_shms34.csv: rows=24, signal=17, runs=17
Loaded /home/cdaq/users/rparvez/RP_Scripts/rate_dependence_v1/results/pass4/pi+sidis/LD2/z0p36/x0p25/Q23p3/hmsPneg1p531_shmsP2p615_hmsTh29p045_shmsTh7p865_thpq2/tables/hms_elclean_chargeNorm_vs_current.csv: rows=24, signal=17, runs=17
Fit1 (raw): r = a + b*R
  range_kHz: [867.517, 908.479]
  a = 0.000101244858862 +/- 0.000257317361894
  b = 1.97619981827e-07 +/- 2.87741338083e-07 (per kHz)
  chi2/ndf = 1.31312016547 (15), prob=0.183874778348

Fit2 (norm): y = 1 + m*R
  range_kHz: [867.517, 908.479]
  m = 0.00194082175192 +/- 0.00188813134579 (per kHz)
  tau_ns = -1940.82175192 +/- 1888.13134579
  chi2/ndf = 0.000342888067843 (16), prob=1

Wrote CSV: /home/cdaq/users/rparvez/RP_Scripts/rate_dependence_v1/results/pass4/pi+sidis/LD2/z0p36/x0p25/Q23p3/hmsPneg1p531_shmsP2p615_hmsTh29p045_shmsTh7p865_thpq2/tables/yield_ratio_vs_trigger_shms34.csv
Wrote PNG: /home/cdaq/users/rparvez/RP_Scripts/rate_dependence_v1/results/pass4/pi+sidis/LD2/z0p36/x0p25/Q23p3/hmsPneg1p531_shmsP2p615_hmsTh29p045_shmsTh7p865_thpq2/PNGs/yield_ratio_vs_trigger_shms34.png
Wrote ROOT: /home/cdaq/users/rparvez/RP_Scripts/rate_dependence_v1/results/pass4/pi+sidis/LD2/z0p36/x0p25/Q23p3/hmsPneg1p531_shmsP2p615_hmsTh29p045_shmsTh7p865_thpq2/canvases/yield_ratio_vs_trigger_shms34.root
