YieldRatioVsTrigger (v1, signal-only)
manifest: /home/cdaq/users/rparvez/RP_Scripts/rate_dependence_v1/settings/pass5/pi+sidis/LD2/z0p5/x0p25/Q23p3/hmsPneg3p642_shmsP3p632_hmsTh16p75_shmsTh7p51_thpqneg0p8/manifest.json
setting_dir: /home/cdaq/users/rparvez/RP_Scripts/rate_dependence_v1/settings/pass5/pi+sidis/LD2/z0p5/x0p25/Q23p3/hmsPneg3p642_shmsP3p632_hmsTh16p75_shmsTh7p51_thpqneg0p8
results_base: /home/cdaq/users/rparvez/RP_Scripts/rate_dependence_v1/results/pass5/pi+sidis/LD2/z0p5/x0p25/Q23p3/hmsPneg3p642_shmsP3p632_hmsTh16p75_shmsTh7p51_thpqneg0p8
log: /home/cdaq/users/rparvez/RP_Scripts/rate_dependence_v1/results/pass5/pi+sidis/LD2/z0p5/x0p25/Q23p3/hmsPneg3p642_shmsP3p632_hmsTh16p75_shmsTh7p51_thpqneg0p8/logs/YieldRatioVsTrigger.log

Loaded /home/cdaq/users/rparvez/RP_Scripts/rate_dependence_v1/results/pass5/pi+sidis/LD2/z0p5/x0p25/Q23p3/hmsPneg3p642_shmsP3p632_hmsTh16p75_shmsTh7p51_thpqneg0p8/tables/yield_vs_trigger_shms34.csv: rows=19, signal=12, runs=12
Loaded /home/cdaq/users/rparvez/RP_Scripts/rate_dependence_v1/results/pass5/pi+sidis/LD2/z0p5/x0p25/Q23p3/hmsPneg3p642_shmsP3p632_hmsTh16p75_shmsTh7p51_thpqneg0p8/tables/hms_elclean_chargeNorm_vs_current.csv: rows=19, signal=12, runs=12
Fit1 (raw): r = a + b*R
  range_kHz: [401.531, 837.867]
  a = 0.000374868399118 +/- 5.99623114825e-06
  b = -2.78512766041e-08 +/- 8.41744192153e-09 (per kHz)
  chi2/ndf = 1.84944101598 (10), prob=0.0471747288232

Fit2 (norm): y = 1 + m*R
  range_kHz: [401.531, 837.867]
  m = -7.71668394389e-05 +/- 8.75598802142e-06 (per kHz)
  tau_ns = 77.1668394389 +/- 8.75598802142
  chi2/ndf = 0.837783711291 (11), prob=0.601997037159

Wrote CSV: /home/cdaq/users/rparvez/RP_Scripts/rate_dependence_v1/results/pass5/pi+sidis/LD2/z0p5/x0p25/Q23p3/hmsPneg3p642_shmsP3p632_hmsTh16p75_shmsTh7p51_thpqneg0p8/tables/yield_ratio_vs_trigger_shms34.csv
Wrote PNG: /home/cdaq/users/rparvez/RP_Scripts/rate_dependence_v1/results/pass5/pi+sidis/LD2/z0p5/x0p25/Q23p3/hmsPneg3p642_shmsP3p632_hmsTh16p75_shmsTh7p51_thpqneg0p8/PNGs/yield_ratio_vs_trigger_shms34.png
Wrote ROOT: /home/cdaq/users/rparvez/RP_Scripts/rate_dependence_v1/results/pass5/pi+sidis/LD2/z0p5/x0p25/Q23p3/hmsPneg3p642_shmsP3p632_hmsTh16p75_shmsTh7p51_thpqneg0p8/canvases/yield_ratio_vs_trigger_shms34.root
