CoincidenceBlockingByRun
manifest: /home/cdaq/users/rparvez/RP_Scripts/rate_dependence_v1/settings/pass4/pi+sidis/LH2/z0p5/x0p25/Q23p3/hmsPneg1p531_shmsP3p632_hmsTh29p045_shmsTh14p375_thpq8p5/manifest.json
setting_dir: /home/cdaq/users/rparvez/RP_Scripts/rate_dependence_v1/settings/pass4/pi+sidis/LH2/z0p5/x0p25/Q23p3/hmsPneg1p531_shmsP3p632_hmsTh29p045_shmsTh14p375_thpq8p5
setting_id: hmsPneg1p531_shmsP3p632_hmsTh29p045_shmsTh14p375_thpq8p5
results_base: /home/cdaq/users/rparvez/RP_Scripts/rate_dependence_v1/results/pass4/pi+sidis/LH2/z0p5/x0p25/Q23p3/hmsPneg1p531_shmsP3p632_hmsTh29p045_shmsTh14p375_thpq8p5
log: /home/cdaq/users/rparvez/RP_Scripts/rate_dependence_v1/results/pass4/pi+sidis/LH2/z0p5/x0p25/Q23p3/hmsPneg1p531_shmsP3p632_hmsTh29p045_shmsTh14p375_thpq8p5/logs/CoincidenceBlockingByRun.log

Loaded rows from run_metadata.csv: 36
WARNING [run 24779]: cannot open ROOT file: ./Pass0_ROOTfiles/coin_replay_production_24779_-1.root
WARNING [run 24780]: cannot open ROOT file: ./Pass0_ROOTfiles/coin_replay_production_24780_-1.root
WARNING [run 24781]: cannot open ROOT file: ./Pass0_ROOTfiles/coin_replay_production_24781_-1.root
WARNING [run 24782]: cannot open ROOT file: ./Pass0_ROOTfiles/coin_replay_production_24782_-1.root
WARNING [run 24783]: cannot open ROOT file: ./Pass0_ROOTfiles/coin_replay_production_24783_-1.root
WARNING [run 24784]: cannot open ROOT file: ./Pass0_ROOTfiles/coin_replay_production_24784_-1.root
WARNING [run 24785]: cannot open ROOT file: ./Pass0_ROOTfiles/coin_replay_production_24785_-1.root
WARNING [run 24786]: cannot open ROOT file: ./Pass0_ROOTfiles/coin_replay_production_24786_-1.root
WARNING [run 24787]: cannot open ROOT file: ./Pass0_ROOTfiles/coin_replay_production_24787_-1.root
WARNING [run 24788]: cannot open ROOT file: ./Pass0_ROOTfiles/coin_replay_production_24788_-1.root
WARNING [run 24789]: cannot open ROOT file: ./Pass0_ROOTfiles/coin_replay_production_24789_-1.root
WARNING [run 24790]: cannot open ROOT file: ./Pass0_ROOTfiles/coin_replay_production_24790_-1.root
WARNING [run 24791]: cannot open ROOT file: ./Pass0_ROOTfiles/coin_replay_production_24791_-1.root
WARNING [run 24803]: cannot open ROOT file: ./Pass0_ROOTfiles/coin_replay_production_24803_-1.root
WARNING [run 24804]: cannot open ROOT file: ./Pass0_ROOTfiles/coin_replay_production_24804_-1.root
WARNING [run 24805]: cannot open ROOT file: ./Pass0_ROOTfiles/coin_replay_production_24805_-1.root
WARNING [run 24806]: cannot open ROOT file: ./Pass0_ROOTfiles/coin_replay_production_24806_-1.root
WARNING [run 24807]: cannot open ROOT file: ./Pass0_ROOTfiles/coin_replay_production_24807_-1.root
WARNING [run 24808]: cannot open ROOT file: ./Pass0_ROOTfiles/coin_replay_production_24808_-1.root
WARNING [run 24809]: cannot open ROOT file: ./Pass0_ROOTfiles/coin_replay_production_24809_-1.root
WARNING [run 24810]: cannot open ROOT file: ./Pass0_ROOTfiles/coin_replay_production_24810_-1.root
WARNING [run 24811]: cannot open ROOT file: ./Pass0_ROOTfiles/coin_replay_production_24811_-1.root
WARNING [run 24812]: cannot open ROOT file: ./Pass0_ROOTfiles/coin_replay_production_24812_-1.root
WARNING [run 24813]: cannot open ROOT file: ./Pass0_ROOTfiles/coin_replay_production_24813_-1.root
WARNING [run 24821]: cannot open ROOT file: ./Pass0_ROOTfiles/coin_replay_production_24821_-1.root
WARNING [run 24822]: cannot open ROOT file: ./Pass0_ROOTfiles/coin_replay_production_24822_-1.root
WARNING [run 24823]: cannot open ROOT file: ./Pass0_ROOTfiles/coin_replay_production_24823_-1.root
WARNING [run 24794]: cannot open ROOT file: ./Pass0_ROOTfiles/coin_replay_production_24794_-1.root
WARNING [run 24795]: cannot open ROOT file: ./Pass0_ROOTfiles/coin_replay_production_24795_-1.root
WARNING [run 24796]: cannot open ROOT file: ./Pass0_ROOTfiles/coin_replay_production_24796_-1.root
WARNING [run 24797]: cannot open ROOT file: ./Pass0_ROOTfiles/coin_replay_production_24797_-1.root
WARNING [run 24798]: cannot open ROOT file: ./Pass0_ROOTfiles/coin_replay_production_24798_-1.root
WARNING [run 24814]: cannot open ROOT file: ./Pass0_ROOTfiles/coin_replay_production_24814_-1.root
WARNING [run 24815]: cannot open ROOT file: ./Pass0_ROOTfiles/coin_replay_production_24815_-1.root
WARNING [run 24816]: cannot open ROOT file: ./Pass0_ROOTfiles/coin_replay_production_24816_-1.root
WARNING [run 24817]: cannot open ROOT file: ./Pass0_ROOTfiles/coin_replay_production_24817_-1.root

Wrote CSV: /home/cdaq/users/rparvez/RP_Scripts/rate_dependence_v1/results/pass4/pi+sidis/LH2/z0p5/x0p25/Q23p3/hmsPneg1p531_shmsP3p632_hmsTh29p045_shmsTh14p375_thpq8p5/tables/coincidence_blocking_by_run.csv
