YieldRatioVsTrigger (v1, signal-only)
manifest: /home/cdaq/users/rparvez/RP_Scripts/rate_dependence_v1/settings/pass4/pi+sidis/LH2/z0p5/x0p25/Q23p3/hmsPneg1p531_shmsP3p632_hmsTh29p045_shmsTh14p375_thpq8p5/manifest.json
setting_dir: /home/cdaq/users/rparvez/RP_Scripts/rate_dependence_v1/settings/pass4/pi+sidis/LH2/z0p5/x0p25/Q23p3/hmsPneg1p531_shmsP3p632_hmsTh29p045_shmsTh14p375_thpq8p5
results_base: /home/cdaq/users/rparvez/RP_Scripts/rate_dependence_v1/results/pass4/pi+sidis/LH2/z0p5/x0p25/Q23p3/hmsPneg1p531_shmsP3p632_hmsTh29p045_shmsTh14p375_thpq8p5
log: /home/cdaq/users/rparvez/RP_Scripts/rate_dependence_v1/results/pass4/pi+sidis/LH2/z0p5/x0p25/Q23p3/hmsPneg1p531_shmsP3p632_hmsTh29p045_shmsTh14p375_thpq8p5/logs/YieldRatioVsTrigger.log

Loaded /home/cdaq/users/rparvez/RP_Scripts/rate_dependence_v1/results/pass4/pi+sidis/LH2/z0p5/x0p25/Q23p3/hmsPneg1p531_shmsP3p632_hmsTh29p045_shmsTh14p375_thpq8p5/tables/yield_vs_trigger_shms34.csv: rows=31, signal=24, runs=24
Loaded /home/cdaq/users/rparvez/RP_Scripts/rate_dependence_v1/results/pass4/pi+sidis/LH2/z0p5/x0p25/Q23p3/hmsPneg1p531_shmsP3p632_hmsTh29p045_shmsTh14p375_thpq8p5/tables/hms_elclean_chargeNorm_vs_current.csv: rows=31, signal=24, runs=24
Fit1 (raw): r = a + b*R
  range_kHz: [74.229, 221.383]
  a = 0.000148794419678 +/- 5.58347336366e-06
  b = -2.60078714337e-08 +/- 2.88327054986e-08 (per kHz)
  chi2/ndf = 0.570438876452 (22), prob=0.944965845131

Fit2 (norm): y = 1 + m*R
  range_kHz: [74.229, 221.383]
  m = -0.000176855076354 +/- 4.91558520223e-05 (per kHz)
  tau_ns = 176.855076354 +/- 49.1558520223
  chi2/ndf = 0.214946172757 (23), prob=0.999974652141

Wrote CSV: /home/cdaq/users/rparvez/RP_Scripts/rate_dependence_v1/results/pass4/pi+sidis/LH2/z0p5/x0p25/Q23p3/hmsPneg1p531_shmsP3p632_hmsTh29p045_shmsTh14p375_thpq8p5/tables/yield_ratio_vs_trigger_shms34.csv
Wrote PNG: /home/cdaq/users/rparvez/RP_Scripts/rate_dependence_v1/results/pass4/pi+sidis/LH2/z0p5/x0p25/Q23p3/hmsPneg1p531_shmsP3p632_hmsTh29p045_shmsTh14p375_thpq8p5/PNGs/yield_ratio_vs_trigger_shms34.png
Wrote ROOT: /home/cdaq/users/rparvez/RP_Scripts/rate_dependence_v1/results/pass4/pi+sidis/LH2/z0p5/x0p25/Q23p3/hmsPneg1p531_shmsP3p632_hmsTh29p045_shmsTh14p375_thpq8p5/canvases/yield_ratio_vs_trigger_shms34.root
