CoincidenceBlockingByRun
manifest: /home/cdaq/users/rparvez/RP_Scripts/rate_dependence_v1/settings/pass5/pi+sidis/LD2/z0p5/x0p25/Q23p3/hmsPneg3p642_shmsP3p632_hmsTh16p75_shmsTh10p305_thpq2/manifest.json
setting_dir: /home/cdaq/users/rparvez/RP_Scripts/rate_dependence_v1/settings/pass5/pi+sidis/LD2/z0p5/x0p25/Q23p3/hmsPneg3p642_shmsP3p632_hmsTh16p75_shmsTh10p305_thpq2
setting_id: hmsPneg3p642_shmsP3p632_hmsTh16p75_shmsTh10p305_thpq2
results_base: /home/cdaq/users/rparvez/RP_Scripts/rate_dependence_v1/results/pass5/pi+sidis/LD2/z0p5/x0p25/Q23p3/hmsPneg3p642_shmsP3p632_hmsTh16p75_shmsTh10p305_thpq2
log: /home/cdaq/users/rparvez/RP_Scripts/rate_dependence_v1/results/pass5/pi+sidis/LD2/z0p5/x0p25/Q23p3/hmsPneg3p642_shmsP3p632_hmsTh16p75_shmsTh10p305_thpq2/logs/CoincidenceBlockingByRun.log

Loaded rows from run_metadata.csv: 12
WARNING [run 25280]: cannot open ROOT file: ./Pass0_ROOTfiles/coin_replay_production_25280_-1.root
WARNING [run 25281]: cannot open ROOT file: ./Pass0_ROOTfiles/coin_replay_production_25281_-1.root
WARNING [run 25282]: cannot open ROOT file: ./Pass0_ROOTfiles/coin_replay_production_25282_-1.root
WARNING [run 25283]: cannot open ROOT file: ./Pass0_ROOTfiles/coin_replay_production_25283_-1.root
WARNING [run 25309]: cannot open ROOT file: ./Pass0_ROOTfiles/coin_replay_production_25309_-1.root
WARNING [run 25310]: cannot open ROOT file: ./Pass0_ROOTfiles/coin_replay_production_25310_-1.root
WARNING [run 25311]: cannot open ROOT file: ./Pass0_ROOTfiles/coin_replay_production_25311_-1.root
WARNING [run 25312]: cannot open ROOT file: ./Pass0_ROOTfiles/coin_replay_production_25312_-1.root
WARNING [run 25313]: cannot open ROOT file: ./Pass0_ROOTfiles/coin_replay_production_25313_-1.root
WARNING [run 25314]: cannot open ROOT file: ./Pass0_ROOTfiles/coin_replay_production_25314_-1.root
WARNING [run 25293]: cannot open ROOT file: ./Pass0_ROOTfiles/coin_replay_production_25293_-1.root
WARNING [run 25317]: cannot open ROOT file: ./Pass0_ROOTfiles/coin_replay_production_25317_-1.root

Wrote CSV: /home/cdaq/users/rparvez/RP_Scripts/rate_dependence_v1/results/pass5/pi+sidis/LD2/z0p5/x0p25/Q23p3/hmsPneg3p642_shmsP3p632_hmsTh16p75_shmsTh10p305_thpq2/tables/coincidence_blocking_by_run.csv
