YieldRatioVsTrigger (v1, signal-only)
manifest: /home/cdaq/users/rparvez/RP_Scripts/rate_dependence_v1/settings/pass5/pi-sidis/LD2/z0p9/x0p25/Q23p3/hmsPneg3p642_shmsPneg6p538_hmsTh16p75_shmsTh7p51_thpqneg0p8/manifest.json
setting_dir: /home/cdaq/users/rparvez/RP_Scripts/rate_dependence_v1/settings/pass5/pi-sidis/LD2/z0p9/x0p25/Q23p3/hmsPneg3p642_shmsPneg6p538_hmsTh16p75_shmsTh7p51_thpqneg0p8
results_base: /home/cdaq/users/rparvez/RP_Scripts/rate_dependence_v1/results/pass5/pi-sidis/LD2/z0p9/x0p25/Q23p3/hmsPneg3p642_shmsPneg6p538_hmsTh16p75_shmsTh7p51_thpqneg0p8
log: /home/cdaq/users/rparvez/RP_Scripts/rate_dependence_v1/results/pass5/pi-sidis/LD2/z0p9/x0p25/Q23p3/hmsPneg3p642_shmsPneg6p538_hmsTh16p75_shmsTh7p51_thpqneg0p8/logs/YieldRatioVsTrigger.log

Loaded /home/cdaq/users/rparvez/RP_Scripts/rate_dependence_v1/results/pass5/pi-sidis/LD2/z0p9/x0p25/Q23p3/hmsPneg3p642_shmsPneg6p538_hmsTh16p75_shmsTh7p51_thpqneg0p8/tables/yield_vs_trigger_shms34.csv: rows=10, signal=3, runs=3
Loaded /home/cdaq/users/rparvez/RP_Scripts/rate_dependence_v1/results/pass5/pi-sidis/LD2/z0p9/x0p25/Q23p3/hmsPneg3p642_shmsPneg6p538_hmsTh16p75_shmsTh7p51_thpqneg0p8/tables/hms_elclean_chargeNorm_vs_current.csv: rows=10, signal=3, runs=3
Fit1 (raw): r = a + b*R
  range_kHz: [468.935, 931.582]
  a = 0.000154038758225 +/- 4.32155770257e-06
  b = -1.06528380811e-08 +/- 5.09527366525e-09 (per kHz)
  chi2/ndf = 0.61846007658 (1), prob=0.431620107338

Fit2 (norm): y = 1 + m*R
  range_kHz: [468.935, 931.582]
  m = -6.92196000958e-05 +/- 2.03605267595e-05 (per kHz)
  tau_ns = 69.2196000958 +/- 20.3605267595
  chi2/ndf = 0.0377025528777 (2), prob=0.962999339677

Wrote CSV: /home/cdaq/users/rparvez/RP_Scripts/rate_dependence_v1/results/pass5/pi-sidis/LD2/z0p9/x0p25/Q23p3/hmsPneg3p642_shmsPneg6p538_hmsTh16p75_shmsTh7p51_thpqneg0p8/tables/yield_ratio_vs_trigger_shms34.csv
Wrote PNG: /home/cdaq/users/rparvez/RP_Scripts/rate_dependence_v1/results/pass5/pi-sidis/LD2/z0p9/x0p25/Q23p3/hmsPneg3p642_shmsPneg6p538_hmsTh16p75_shmsTh7p51_thpqneg0p8/PNGs/yield_ratio_vs_trigger_shms34.png
Wrote ROOT: /home/cdaq/users/rparvez/RP_Scripts/rate_dependence_v1/results/pass5/pi-sidis/LD2/z0p9/x0p25/Q23p3/hmsPneg3p642_shmsPneg6p538_hmsTh16p75_shmsTh7p51_thpqneg0p8/canvases/yield_ratio_vs_trigger_shms34.root
