YieldRatioVsTrigger (v1, signal-only)
manifest: /home/cdaq/users/rparvez/RP_Scripts/rate_dependence_v1/settings/pass5/pi+sidis/LH2/z0p36/x0p25/Q23p3/hmsPneg3p642_shmsP3p632_hmsTh16p755_shmsTh8p11_thpqneg0p2/manifest.json
setting_dir: /home/cdaq/users/rparvez/RP_Scripts/rate_dependence_v1/settings/pass5/pi+sidis/LH2/z0p36/x0p25/Q23p3/hmsPneg3p642_shmsP3p632_hmsTh16p755_shmsTh8p11_thpqneg0p2
results_base: /home/cdaq/users/rparvez/RP_Scripts/rate_dependence_v1/results/pass5/pi+sidis/LH2/z0p36/x0p25/Q23p3/hmsPneg3p642_shmsP3p632_hmsTh16p755_shmsTh8p11_thpqneg0p2
log: /home/cdaq/users/rparvez/RP_Scripts/rate_dependence_v1/results/pass5/pi+sidis/LH2/z0p36/x0p25/Q23p3/hmsPneg3p642_shmsP3p632_hmsTh16p755_shmsTh8p11_thpqneg0p2/logs/YieldRatioVsTrigger.log

Loaded /home/cdaq/users/rparvez/RP_Scripts/rate_dependence_v1/results/pass5/pi+sidis/LH2/z0p36/x0p25/Q23p3/hmsPneg3p642_shmsP3p632_hmsTh16p755_shmsTh8p11_thpqneg0p2/tables/yield_vs_trigger_shms34.csv: rows=16, signal=9, runs=9
Loaded /home/cdaq/users/rparvez/RP_Scripts/rate_dependence_v1/results/pass5/pi+sidis/LH2/z0p36/x0p25/Q23p3/hmsPneg3p642_shmsP3p632_hmsTh16p755_shmsTh8p11_thpqneg0p2/tables/hms_elclean_chargeNorm_vs_current.csv: rows=16, signal=9, runs=9
Fit1 (raw): r = a + b*R
  range_kHz: [850.262, 899.013]
  a = 0.000427136560075 +/- 8.59193343299e-05
  b = -3.7860810453e-08 +/- 9.69192796255e-08 (per kHz)
  chi2/ndf = 0.680601966558 (7), prob=0.688711653642

Fit2 (norm): y = 1 + m*R
  range_kHz: [850.262, 899.013]
  m = -8.98551402192e-05 +/- 6.97797513441e-05 (per kHz)
  tau_ns = 89.8551402192 +/- 69.7797513441
  chi2/ndf = 0.0020936560447 (8), prob=0.999999999796

Wrote CSV: /home/cdaq/users/rparvez/RP_Scripts/rate_dependence_v1/results/pass5/pi+sidis/LH2/z0p36/x0p25/Q23p3/hmsPneg3p642_shmsP3p632_hmsTh16p755_shmsTh8p11_thpqneg0p2/tables/yield_ratio_vs_trigger_shms34.csv
Wrote PNG: /home/cdaq/users/rparvez/RP_Scripts/rate_dependence_v1/results/pass5/pi+sidis/LH2/z0p36/x0p25/Q23p3/hmsPneg3p642_shmsP3p632_hmsTh16p755_shmsTh8p11_thpqneg0p2/PNGs/yield_ratio_vs_trigger_shms34.png
Wrote ROOT: /home/cdaq/users/rparvez/RP_Scripts/rate_dependence_v1/results/pass5/pi+sidis/LH2/z0p36/x0p25/Q23p3/hmsPneg3p642_shmsP3p632_hmsTh16p755_shmsTh8p11_thpqneg0p2/canvases/yield_ratio_vs_trigger_shms34.root
