CoincidenceBlockingByRun
manifest: /home/cdaq/users/rparvez/RP_Scripts/rate_dependence_v1/settings/pass4/pi-sidis/LD2/z0p5/x0p25/Q23p3/hmsPneg1p531_shmsPneg3p632_hmsTh29p045_shmsTh7p865_thpq2/manifest.json
setting_dir: /home/cdaq/users/rparvez/RP_Scripts/rate_dependence_v1/settings/pass4/pi-sidis/LD2/z0p5/x0p25/Q23p3/hmsPneg1p531_shmsPneg3p632_hmsTh29p045_shmsTh7p865_thpq2
setting_id: hmsPneg1p531_shmsPneg3p632_hmsTh29p045_shmsTh7p865_thpq2
results_base: /home/cdaq/users/rparvez/RP_Scripts/rate_dependence_v1/results/pass4/pi-sidis/LD2/z0p5/x0p25/Q23p3/hmsPneg1p531_shmsPneg3p632_hmsTh29p045_shmsTh7p865_thpq2
log: /home/cdaq/users/rparvez/RP_Scripts/rate_dependence_v1/results/pass4/pi-sidis/LD2/z0p5/x0p25/Q23p3/hmsPneg1p531_shmsPneg3p632_hmsTh29p045_shmsTh7p865_thpq2/logs/CoincidenceBlockingByRun.log

Loaded rows from run_metadata.csv: 23
WARNING [run 24097]: cannot open ROOT file: ./Pass0_ROOTfiles/coin_replay_production_24097_-1.root
WARNING [run 24098]: cannot open ROOT file: ./Pass0_ROOTfiles/coin_replay_production_24098_-1.root
WARNING [run 24099]: cannot open ROOT file: ./Pass0_ROOTfiles/coin_replay_production_24099_-1.root
WARNING [run 24100]: cannot open ROOT file: ./Pass0_ROOTfiles/coin_replay_production_24100_-1.root
WARNING [run 24101]: cannot open ROOT file: ./Pass0_ROOTfiles/coin_replay_production_24101_-1.root
WARNING [run 24103]: cannot open ROOT file: ./Pass0_ROOTfiles/coin_replay_production_24103_-1.root
WARNING [run 24104]: cannot open ROOT file: ./Pass0_ROOTfiles/coin_replay_production_24104_-1.root
WARNING [run 24110]: cannot open ROOT file: ./Pass0_ROOTfiles/coin_replay_production_24110_-1.root
WARNING [run 24111]: cannot open ROOT file: ./Pass0_ROOTfiles/coin_replay_production_24111_-1.root
WARNING [run 24112]: cannot open ROOT file: ./Pass0_ROOTfiles/coin_replay_production_24112_-1.root
WARNING [run 24113]: cannot open ROOT file: ./Pass0_ROOTfiles/coin_replay_production_24113_-1.root
WARNING [run 24158]: cannot open ROOT file: ./Pass0_ROOTfiles/coin_replay_production_24158_-1.root
WARNING [run 24159]: cannot open ROOT file: ./Pass0_ROOTfiles/coin_replay_production_24159_-1.root
WARNING [run 24160]: cannot open ROOT file: ./Pass0_ROOTfiles/coin_replay_production_24160_-1.root
WARNING [run 24161]: cannot open ROOT file: ./Pass0_ROOTfiles/coin_replay_production_24161_-1.root
WARNING [run 24185]: cannot open ROOT file: ./Pass0_ROOTfiles/coin_replay_production_24185_-1.root
WARNING [run 24591]: cannot open ROOT file: ./Pass0_ROOTfiles/coin_replay_production_24591_-1.root
WARNING [run 24592]: cannot open ROOT file: ./Pass0_ROOTfiles/coin_replay_production_24592_-1.root
WARNING [run 24116]: cannot open ROOT file: ./Pass0_ROOTfiles/coin_replay_production_24116_-1.root
WARNING [run 24117]: cannot open ROOT file: ./Pass0_ROOTfiles/coin_replay_production_24117_-1.root
WARNING [run 24171]: cannot open ROOT file: ./Pass0_ROOTfiles/coin_replay_production_24171_-1.root
WARNING [run 24172]: cannot open ROOT file: ./Pass0_ROOTfiles/coin_replay_production_24172_-1.root
WARNING [run 24595]: cannot open ROOT file: ./Pass0_ROOTfiles/coin_replay_production_24595_-1.root

Wrote CSV: /home/cdaq/users/rparvez/RP_Scripts/rate_dependence_v1/results/pass4/pi-sidis/LD2/z0p5/x0p25/Q23p3/hmsPneg1p531_shmsPneg3p632_hmsTh29p045_shmsTh7p865_thpq2/tables/coincidence_blocking_by_run.csv
