YieldRatioVsTrigger (v1, signal-only)
manifest: /home/cdaq/users/rparvez/RP_Scripts/rate_dependence_v1/settings/pass4/pi-sidis/LD2/z0p5/x0p25/Q23p3/hmsPneg1p531_shmsPneg3p632_hmsTh29p045_shmsTh7p865_thpq2/manifest.json
setting_dir: /home/cdaq/users/rparvez/RP_Scripts/rate_dependence_v1/settings/pass4/pi-sidis/LD2/z0p5/x0p25/Q23p3/hmsPneg1p531_shmsPneg3p632_hmsTh29p045_shmsTh7p865_thpq2
results_base: /home/cdaq/users/rparvez/RP_Scripts/rate_dependence_v1/results/pass4/pi-sidis/LD2/z0p5/x0p25/Q23p3/hmsPneg1p531_shmsPneg3p632_hmsTh29p045_shmsTh7p865_thpq2
log: /home/cdaq/users/rparvez/RP_Scripts/rate_dependence_v1/results/pass4/pi-sidis/LD2/z0p5/x0p25/Q23p3/hmsPneg1p531_shmsPneg3p632_hmsTh29p045_shmsTh7p865_thpq2/logs/YieldRatioVsTrigger.log

Loaded /home/cdaq/users/rparvez/RP_Scripts/rate_dependence_v1/results/pass4/pi-sidis/LD2/z0p5/x0p25/Q23p3/hmsPneg1p531_shmsPneg3p632_hmsTh29p045_shmsTh7p865_thpq2/tables/yield_vs_trigger_shms34.csv: rows=23, signal=16, runs=16
Loaded /home/cdaq/users/rparvez/RP_Scripts/rate_dependence_v1/results/pass4/pi-sidis/LD2/z0p5/x0p25/Q23p3/hmsPneg1p531_shmsPneg3p632_hmsTh29p045_shmsTh7p865_thpq2/tables/hms_elclean_chargeNorm_vs_current.csv: rows=23, signal=16, runs=16
Fit1 (raw): r = a + b*R
  range_kHz: [567.491, 896.977]
  a = 0.000108787260258 +/- 1.38093702198e-05
  b = 5.68971413048e-08 +/- 1.67367705859e-08 (per kHz)
  chi2/ndf = 18.9119690573 (14), prob=2.5125376432e-48

WARNING (STRONG): Fit1 probability is very small (<1e-4). Linear model may be insufficient or data inconsistent.
Fit2 (norm): y = 1 + m*R
  range_kHz: [567.491, 896.977]
  m = 0.000519719960839 +/- 5.93685523557e-05 (per kHz)
  tau_ns = -519.719960839 +/- 59.3685523557
  chi2/ndf = 1.80938057775 (15), prob=0.0276106001415

Wrote CSV: /home/cdaq/users/rparvez/RP_Scripts/rate_dependence_v1/results/pass4/pi-sidis/LD2/z0p5/x0p25/Q23p3/hmsPneg1p531_shmsPneg3p632_hmsTh29p045_shmsTh7p865_thpq2/tables/yield_ratio_vs_trigger_shms34.csv
Wrote PNG: /home/cdaq/users/rparvez/RP_Scripts/rate_dependence_v1/results/pass4/pi-sidis/LD2/z0p5/x0p25/Q23p3/hmsPneg1p531_shmsPneg3p632_hmsTh29p045_shmsTh7p865_thpq2/PNGs/yield_ratio_vs_trigger_shms34.png
Wrote ROOT: /home/cdaq/users/rparvez/RP_Scripts/rate_dependence_v1/results/pass4/pi-sidis/LD2/z0p5/x0p25/Q23p3/hmsPneg1p531_shmsPneg3p632_hmsTh29p045_shmsTh7p865_thpq2/canvases/yield_ratio_vs_trigger_shms34.root
