CoincidenceBlockingByRun
manifest: /home/cdaq/users/rparvez/RP_Scripts/rate_dependence_v1/settings/pass5/pi-sidis/LD2/z0p36/x0p25/Q23p3/hmsPneg3p642_shmsPneg3p632_hmsTh16p755_shmsTh8p11_thpqneg0p2/manifest.json
setting_dir: /home/cdaq/users/rparvez/RP_Scripts/rate_dependence_v1/settings/pass5/pi-sidis/LD2/z0p36/x0p25/Q23p3/hmsPneg3p642_shmsPneg3p632_hmsTh16p755_shmsTh8p11_thpqneg0p2
setting_id: hmsPneg3p642_shmsPneg3p632_hmsTh16p755_shmsTh8p11_thpqneg0p2
results_base: /home/cdaq/users/rparvez/RP_Scripts/rate_dependence_v1/results/pass5/pi-sidis/LD2/z0p36/x0p25/Q23p3/hmsPneg3p642_shmsPneg3p632_hmsTh16p755_shmsTh8p11_thpqneg0p2
log: /home/cdaq/users/rparvez/RP_Scripts/rate_dependence_v1/results/pass5/pi-sidis/LD2/z0p36/x0p25/Q23p3/hmsPneg3p642_shmsPneg3p632_hmsTh16p755_shmsTh8p11_thpqneg0p2/logs/CoincidenceBlockingByRun.log

Loaded rows from run_metadata.csv: 14
WARNING [run 25499]: cannot open ROOT file: ./Pass0_ROOTfiles/coin_replay_production_25499_-1.root
WARNING [run 25500]: cannot open ROOT file: ./Pass0_ROOTfiles/coin_replay_production_25500_-1.root
WARNING [run 25501]: cannot open ROOT file: ./Pass0_ROOTfiles/coin_replay_production_25501_-1.root
WARNING [run 25502]: cannot open ROOT file: ./Pass0_ROOTfiles/coin_replay_production_25502_-1.root
WARNING [run 25503]: cannot open ROOT file: ./Pass0_ROOTfiles/coin_replay_production_25503_-1.root
WARNING [run 25504]: cannot open ROOT file: ./Pass0_ROOTfiles/coin_replay_production_25504_-1.root
WARNING [run 25505]: cannot open ROOT file: ./Pass0_ROOTfiles/coin_replay_production_25505_-1.root
WARNING [run 25515]: cannot open ROOT file: ./Pass0_ROOTfiles/coin_replay_production_25515_-1.root
WARNING [run 25516]: cannot open ROOT file: ./Pass0_ROOTfiles/coin_replay_production_25516_-1.root
WARNING [run 25517]: cannot open ROOT file: ./Pass0_ROOTfiles/coin_replay_production_25517_-1.root
WARNING [run 25518]: cannot open ROOT file: ./Pass0_ROOTfiles/coin_replay_production_25518_-1.root
WARNING [run 25519]: cannot open ROOT file: ./Pass0_ROOTfiles/coin_replay_production_25519_-1.root
WARNING [run 25520]: cannot open ROOT file: ./Pass0_ROOTfiles/coin_replay_production_25520_-1.root
WARNING [run 25514]: cannot open ROOT file: ./Pass0_ROOTfiles/coin_replay_production_25514_-1.root

Wrote CSV: /home/cdaq/users/rparvez/RP_Scripts/rate_dependence_v1/results/pass5/pi-sidis/LD2/z0p36/x0p25/Q23p3/hmsPneg3p642_shmsPneg3p632_hmsTh16p755_shmsTh8p11_thpqneg0p2/tables/coincidence_blocking_by_run.csv
