YieldRatioVsTrigger (v1, signal-only)
manifest: /home/cdaq/users/rparvez/RP_Scripts/rate_dependence_v1/settings/pass5/pi-sidis/LD2/z0p36/x0p25/Q23p3/hmsPneg3p642_shmsPneg3p632_hmsTh16p755_shmsTh8p11_thpqneg0p2/manifest.json
setting_dir: /home/cdaq/users/rparvez/RP_Scripts/rate_dependence_v1/settings/pass5/pi-sidis/LD2/z0p36/x0p25/Q23p3/hmsPneg3p642_shmsPneg3p632_hmsTh16p755_shmsTh8p11_thpqneg0p2
results_base: /home/cdaq/users/rparvez/RP_Scripts/rate_dependence_v1/results/pass5/pi-sidis/LD2/z0p36/x0p25/Q23p3/hmsPneg3p642_shmsPneg3p632_hmsTh16p755_shmsTh8p11_thpqneg0p2
log: /home/cdaq/users/rparvez/RP_Scripts/rate_dependence_v1/results/pass5/pi-sidis/LD2/z0p36/x0p25/Q23p3/hmsPneg3p642_shmsPneg3p632_hmsTh16p755_shmsTh8p11_thpqneg0p2/logs/YieldRatioVsTrigger.log

Loaded /home/cdaq/users/rparvez/RP_Scripts/rate_dependence_v1/results/pass5/pi-sidis/LD2/z0p36/x0p25/Q23p3/hmsPneg3p642_shmsPneg3p632_hmsTh16p755_shmsTh8p11_thpqneg0p2/tables/yield_vs_trigger_shms34.csv: rows=20, signal=13, runs=13
Loaded /home/cdaq/users/rparvez/RP_Scripts/rate_dependence_v1/results/pass5/pi-sidis/LD2/z0p36/x0p25/Q23p3/hmsPneg3p642_shmsPneg3p632_hmsTh16p755_shmsTh8p11_thpqneg0p2/tables/hms_elclean_chargeNorm_vs_current.csv: rows=20, signal=13, runs=13
Fit1 (raw): r = a + b*R
  range_kHz: [471.014, 918.275]
  a = 0.000200690259379 +/- 5.16429067596e-06
  b = -1.77300079777e-08 +/- 6.08873293698e-09 (per kHz)
  chi2/ndf = 1.19287568977 (11), prob=0.285449987466

Fit2 (norm): y = 1 + m*R
  range_kHz: [471.014, 918.275]
  m = -8.83525025066e-05 +/- 9.46249392957e-06 (per kHz)
  tau_ns = 88.3525025066 +/- 9.46249392957
  chi2/ndf = 0.302183821771 (12), prob=0.989276923882

Wrote CSV: /home/cdaq/users/rparvez/RP_Scripts/rate_dependence_v1/results/pass5/pi-sidis/LD2/z0p36/x0p25/Q23p3/hmsPneg3p642_shmsPneg3p632_hmsTh16p755_shmsTh8p11_thpqneg0p2/tables/yield_ratio_vs_trigger_shms34.csv
Wrote PNG: /home/cdaq/users/rparvez/RP_Scripts/rate_dependence_v1/results/pass5/pi-sidis/LD2/z0p36/x0p25/Q23p3/hmsPneg3p642_shmsPneg3p632_hmsTh16p755_shmsTh8p11_thpqneg0p2/PNGs/yield_ratio_vs_trigger_shms34.png
Wrote ROOT: /home/cdaq/users/rparvez/RP_Scripts/rate_dependence_v1/results/pass5/pi-sidis/LD2/z0p36/x0p25/Q23p3/hmsPneg3p642_shmsPneg3p632_hmsTh16p755_shmsTh8p11_thpqneg0p2/canvases/yield_ratio_vs_trigger_shms34.root
