YieldRatioVsTrigger (v1, signal-only)
manifest: /home/cdaq/users/rparvez/RP_Scripts/rate_dependence_v1/settings/pass4/pi-sidis/LD2/z0p67/x0p25/Q23p3/hmsPneg1p531_shmsPneg4p868_hmsTh29p045_shmsTh7p865_thpq2/manifest.json
setting_dir: /home/cdaq/users/rparvez/RP_Scripts/rate_dependence_v1/settings/pass4/pi-sidis/LD2/z0p67/x0p25/Q23p3/hmsPneg1p531_shmsPneg4p868_hmsTh29p045_shmsTh7p865_thpq2
results_base: /home/cdaq/users/rparvez/RP_Scripts/rate_dependence_v1/results/pass4/pi-sidis/LD2/z0p67/x0p25/Q23p3/hmsPneg1p531_shmsPneg4p868_hmsTh29p045_shmsTh7p865_thpq2
log: /home/cdaq/users/rparvez/RP_Scripts/rate_dependence_v1/results/pass4/pi-sidis/LD2/z0p67/x0p25/Q23p3/hmsPneg1p531_shmsPneg4p868_hmsTh29p045_shmsTh7p865_thpq2/logs/YieldRatioVsTrigger.log

Loaded /home/cdaq/users/rparvez/RP_Scripts/rate_dependence_v1/results/pass4/pi-sidis/LD2/z0p67/x0p25/Q23p3/hmsPneg1p531_shmsPneg4p868_hmsTh29p045_shmsTh7p865_thpq2/tables/yield_vs_trigger_shms34.csv: rows=27, signal=20, runs=20
Loaded /home/cdaq/users/rparvez/RP_Scripts/rate_dependence_v1/results/pass4/pi-sidis/LD2/z0p67/x0p25/Q23p3/hmsPneg1p531_shmsPneg4p868_hmsTh29p045_shmsTh7p865_thpq2/tables/hms_elclean_chargeNorm_vs_current.csv: rows=27, signal=20, runs=20
Fit1 (raw): r = a + b*R
  range_kHz: [469.1, 944.091]
  a = 0.00016860293912 +/- 6.85752170819e-06
  b = -1.91460354134e-08 +/- 8.04646378437e-09 (per kHz)
  chi2/ndf = 0.647330819796 (18), prob=0.864675872533

Fit2 (norm): y = 1 + m*R
  range_kHz: [469.1, 944.091]
  m = -0.000113183745551 +/- 1.3410413524e-05 (per kHz)
  tau_ns = 113.183745551 +/- 13.410413524
  chi2/ndf = 0.32081509696 (19), prob=0.997691898513

Wrote CSV: /home/cdaq/users/rparvez/RP_Scripts/rate_dependence_v1/results/pass4/pi-sidis/LD2/z0p67/x0p25/Q23p3/hmsPneg1p531_shmsPneg4p868_hmsTh29p045_shmsTh7p865_thpq2/tables/yield_ratio_vs_trigger_shms34.csv
Wrote PNG: /home/cdaq/users/rparvez/RP_Scripts/rate_dependence_v1/results/pass4/pi-sidis/LD2/z0p67/x0p25/Q23p3/hmsPneg1p531_shmsPneg4p868_hmsTh29p045_shmsTh7p865_thpq2/PNGs/yield_ratio_vs_trigger_shms34.png
Wrote ROOT: /home/cdaq/users/rparvez/RP_Scripts/rate_dependence_v1/results/pass4/pi-sidis/LD2/z0p67/x0p25/Q23p3/hmsPneg1p531_shmsPneg4p868_hmsTh29p045_shmsTh7p865_thpq2/canvases/yield_ratio_vs_trigger_shms34.root
