CoincidenceBlockingByRun
manifest: /home/cdaq/users/rparvez/RP_Scripts/rate_dependence_v1/settings/pass4/pi-sidis/LD2/z0p67/x0p25/Q23p3/hmsPneg1p531_shmsPneg4p868_hmsTh29p045_shmsTh7p865_thpq2/manifest.json
setting_dir: /home/cdaq/users/rparvez/RP_Scripts/rate_dependence_v1/settings/pass4/pi-sidis/LD2/z0p67/x0p25/Q23p3/hmsPneg1p531_shmsPneg4p868_hmsTh29p045_shmsTh7p865_thpq2
setting_id: hmsPneg1p531_shmsPneg4p868_hmsTh29p045_shmsTh7p865_thpq2
results_base: /home/cdaq/users/rparvez/RP_Scripts/rate_dependence_v1/results/pass4/pi-sidis/LD2/z0p67/x0p25/Q23p3/hmsPneg1p531_shmsPneg4p868_hmsTh29p045_shmsTh7p865_thpq2
log: /home/cdaq/users/rparvez/RP_Scripts/rate_dependence_v1/results/pass4/pi-sidis/LD2/z0p67/x0p25/Q23p3/hmsPneg1p531_shmsPneg4p868_hmsTh29p045_shmsTh7p865_thpq2/logs/CoincidenceBlockingByRun.log

Loaded rows from run_metadata.csv: 30
WARNING [run 23980]: cannot open ROOT file: ./Pass0_ROOTfiles/coin_replay_production_23980_-1.root
WARNING [run 23992]: cannot open ROOT file: ./Pass0_ROOTfiles/coin_replay_production_23992_-1.root
WARNING [run 23993]: cannot open ROOT file: ./Pass0_ROOTfiles/coin_replay_production_23993_-1.root
WARNING [run 23994]: cannot open ROOT file: ./Pass0_ROOTfiles/coin_replay_production_23994_-1.root
WARNING [run 23995]: cannot open ROOT file: ./Pass0_ROOTfiles/coin_replay_production_23995_-1.root
WARNING [run 23996]: cannot open ROOT file: ./Pass0_ROOTfiles/coin_replay_production_23996_-1.root
WARNING [run 23998]: cannot open ROOT file: ./Pass0_ROOTfiles/coin_replay_production_23998_-1.root
WARNING [run 24019]: cannot open ROOT file: ./Pass0_ROOTfiles/coin_replay_production_24019_-1.root
WARNING [run 24020]: cannot open ROOT file: ./Pass0_ROOTfiles/coin_replay_production_24020_-1.root
WARNING [run 24021]: cannot open ROOT file: ./Pass0_ROOTfiles/coin_replay_production_24021_-1.root
WARNING [run 24022]: cannot open ROOT file: ./Pass0_ROOTfiles/coin_replay_production_24022_-1.root
WARNING [run 24023]: cannot open ROOT file: ./Pass0_ROOTfiles/coin_replay_production_24023_-1.root
WARNING [run 24024]: cannot open ROOT file: ./Pass0_ROOTfiles/coin_replay_production_24024_-1.root
WARNING [run 24026]: cannot open ROOT file: ./Pass0_ROOTfiles/coin_replay_production_24026_-1.root
WARNING [run 24060]: cannot open ROOT file: ./Pass0_ROOTfiles/coin_replay_production_24060_-1.root
WARNING [run 24061]: cannot open ROOT file: ./Pass0_ROOTfiles/coin_replay_production_24061_-1.root
WARNING [run 24062]: cannot open ROOT file: ./Pass0_ROOTfiles/coin_replay_production_24062_-1.root
WARNING [run 24063]: cannot open ROOT file: ./Pass0_ROOTfiles/coin_replay_production_24063_-1.root
WARNING [run 24064]: cannot open ROOT file: ./Pass0_ROOTfiles/coin_replay_production_24064_-1.root
WARNING [run 24065]: cannot open ROOT file: ./Pass0_ROOTfiles/coin_replay_production_24065_-1.root
WARNING [run 24583]: cannot open ROOT file: ./Pass0_ROOTfiles/coin_replay_production_24583_-1.root
WARNING [run 23981]: cannot open ROOT file: ./Pass0_ROOTfiles/coin_replay_production_23981_-1.root
WARNING [run 23999]: cannot open ROOT file: ./Pass0_ROOTfiles/coin_replay_production_23999_-1.root
WARNING [run 24032]: cannot open ROOT file: ./Pass0_ROOTfiles/coin_replay_production_24032_-1.root
WARNING [run 24066]: cannot open ROOT file: ./Pass0_ROOTfiles/coin_replay_production_24066_-1.root
WARNING [run 24084]: cannot open ROOT file: ./Pass0_ROOTfiles/coin_replay_production_24084_-1.root
WARNING [run 24085]: cannot open ROOT file: ./Pass0_ROOTfiles/coin_replay_production_24085_-1.root
WARNING [run 24086]: cannot open ROOT file: ./Pass0_ROOTfiles/coin_replay_production_24086_-1.root
WARNING [run 24585]: cannot open ROOT file: ./Pass0_ROOTfiles/coin_replay_production_24585_-1.root
WARNING [run 24587]: cannot open ROOT file: ./Pass0_ROOTfiles/coin_replay_production_24587_-1.root

Wrote CSV: /home/cdaq/users/rparvez/RP_Scripts/rate_dependence_v1/results/pass4/pi-sidis/LD2/z0p67/x0p25/Q23p3/hmsPneg1p531_shmsPneg4p868_hmsTh29p045_shmsTh7p865_thpq2/tables/coincidence_blocking_by_run.csv
