YieldRatioVsTrigger (v1, signal-only)
manifest: /home/cdaq/users/rparvez/RP_Scripts/rate_dependence_v1/settings/pass4/pi-sidis/LD2/z0p67/x0p25/Q23p3/hmsPneg1p531_shmsPneg4p868_hmsTh29p045_shmsTh7p865_thpq2/manifest.json
setting_dir: /home/cdaq/users/rparvez/RP_Scripts/rate_dependence_v1/settings/pass4/pi-sidis/LD2/z0p67/x0p25/Q23p3/hmsPneg1p531_shmsPneg4p868_hmsTh29p045_shmsTh7p865_thpq2
results_base: /home/cdaq/users/rparvez/RP_Scripts/rate_dependence_v1/results/pass4/pi-sidis/LD2/z0p67/x0p25/Q23p3/hmsPneg1p531_shmsPneg4p868_hmsTh29p045_shmsTh7p865_thpq2
log: /home/cdaq/users/rparvez/RP_Scripts/rate_dependence_v1/results/pass4/pi-sidis/LD2/z0p67/x0p25/Q23p3/hmsPneg1p531_shmsPneg4p868_hmsTh29p045_shmsTh7p865_thpq2/logs/YieldRatioVsTrigger.log

Loaded /home/cdaq/users/rparvez/RP_Scripts/rate_dependence_v1/results/pass4/pi-sidis/LD2/z0p67/x0p25/Q23p3/hmsPneg1p531_shmsPneg4p868_hmsTh29p045_shmsTh7p865_thpq2/tables/yield_vs_trigger_shms34.csv: rows=27, signal=20, runs=20
Loaded /home/cdaq/users/rparvez/RP_Scripts/rate_dependence_v1/results/pass4/pi-sidis/LD2/z0p67/x0p25/Q23p3/hmsPneg1p531_shmsPneg4p868_hmsTh29p045_shmsTh7p865_thpq2/tables/hms_elclean_chargeNorm_vs_current.csv: rows=27, signal=20, runs=20
Fit1 (raw): r = a + b*R
  range_kHz: [430.847, 870.312]
  a = 0.000159304141772 +/- 6.67729961588e-06
  b = -2.00883190172e-08 +/- 8.6260475846e-09 (per kHz)
  chi2/ndf = 0.554960862754 (18), prob=0.932255187771

Fit2 (norm): y = 1 + m*R
  range_kHz: [430.847, 870.312]
  m = -0.000125875300879 +/- 1.50363297644e-05 (per kHz)
  tau_ns = 125.875300879 +/- 15.0363297644
  chi2/ndf = 0.274683795852 (19), prob=0.999223651514

Wrote CSV: /home/cdaq/users/rparvez/RP_Scripts/rate_dependence_v1/results/pass4/pi-sidis/LD2/z0p67/x0p25/Q23p3/hmsPneg1p531_shmsPneg4p868_hmsTh29p045_shmsTh7p865_thpq2/tables/yield_ratio_vs_trigger_shms34.csv
Wrote PNG: /home/cdaq/users/rparvez/RP_Scripts/rate_dependence_v1/results/pass4/pi-sidis/LD2/z0p67/x0p25/Q23p3/hmsPneg1p531_shmsPneg4p868_hmsTh29p045_shmsTh7p865_thpq2/PNGs/yield_ratio_vs_trigger_shms34.png
Wrote ROOT: /home/cdaq/users/rparvez/RP_Scripts/rate_dependence_v1/results/pass4/pi-sidis/LD2/z0p67/x0p25/Q23p3/hmsPneg1p531_shmsPneg4p868_hmsTh29p045_shmsTh7p865_thpq2/canvases/yield_ratio_vs_trigger_shms34.root
