YieldRatioVsTrigger (v1, signal-only)
manifest: /home/cdaq/users/rparvez/RP_Scripts/rate_dependence_v1/settings/pass4/pi-sidis/LH2/z0p36/x0p25/Q23p3/hmsPneg1p531_shmsPneg2p615_hmsTh29p045_shmsTh7p865_thpq2/manifest.json
setting_dir: /home/cdaq/users/rparvez/RP_Scripts/rate_dependence_v1/settings/pass4/pi-sidis/LH2/z0p36/x0p25/Q23p3/hmsPneg1p531_shmsPneg2p615_hmsTh29p045_shmsTh7p865_thpq2
results_base: /home/cdaq/users/rparvez/RP_Scripts/rate_dependence_v1/results/pass4/pi-sidis/LH2/z0p36/x0p25/Q23p3/hmsPneg1p531_shmsPneg2p615_hmsTh29p045_shmsTh7p865_thpq2
log: /home/cdaq/users/rparvez/RP_Scripts/rate_dependence_v1/results/pass4/pi-sidis/LH2/z0p36/x0p25/Q23p3/hmsPneg1p531_shmsPneg2p615_hmsTh29p045_shmsTh7p865_thpq2/logs/YieldRatioVsTrigger.log

Loaded /home/cdaq/users/rparvez/RP_Scripts/rate_dependence_v1/results/pass4/pi-sidis/LH2/z0p36/x0p25/Q23p3/hmsPneg1p531_shmsPneg2p615_hmsTh29p045_shmsTh7p865_thpq2/tables/yield_vs_trigger_shms34.csv: rows=35, signal=28, runs=28
Loaded /home/cdaq/users/rparvez/RP_Scripts/rate_dependence_v1/results/pass4/pi-sidis/LH2/z0p36/x0p25/Q23p3/hmsPneg1p531_shmsPneg2p615_hmsTh29p045_shmsTh7p865_thpq2/tables/hms_elclean_chargeNorm_vs_current.csv: rows=35, signal=28, runs=28
Fit1 (raw): r = a + b*R
  range_kHz: [307.786, 862.462]
  a = 0.000182425371094 +/- 8.59322572991e-06
  b = -6.65512619281e-09 +/- 1.13229588329e-08 (per kHz)
  chi2/ndf = 2.38841977909 (26), prob=8.70144493958e-05

WARNING (STRONG): Fit1 probability is very small (<1e-4). Linear model may be insufficient or data inconsistent.
Fit2 (norm): y = 1 + m*R
  range_kHz: [307.786, 862.462]
  m = -3.9719893594e-05 +/- 1.78570015113e-05 (per kHz)
  tau_ns = 39.719893594 +/- 17.8570015113
  chi2/ndf = 1.32765241014 (27), prob=0.118689734716

Wrote CSV: /home/cdaq/users/rparvez/RP_Scripts/rate_dependence_v1/results/pass4/pi-sidis/LH2/z0p36/x0p25/Q23p3/hmsPneg1p531_shmsPneg2p615_hmsTh29p045_shmsTh7p865_thpq2/tables/yield_ratio_vs_trigger_shms34.csv
Wrote PNG: /home/cdaq/users/rparvez/RP_Scripts/rate_dependence_v1/results/pass4/pi-sidis/LH2/z0p36/x0p25/Q23p3/hmsPneg1p531_shmsPneg2p615_hmsTh29p045_shmsTh7p865_thpq2/PNGs/yield_ratio_vs_trigger_shms34.png
Wrote ROOT: /home/cdaq/users/rparvez/RP_Scripts/rate_dependence_v1/results/pass4/pi-sidis/LH2/z0p36/x0p25/Q23p3/hmsPneg1p531_shmsPneg2p615_hmsTh29p045_shmsTh7p865_thpq2/canvases/yield_ratio_vs_trigger_shms34.root
