YieldRatioVsTrigger (v1, signal-only)
manifest: /home/cdaq/users/rparvez/RP_Scripts/rate_dependence_v1/settings/pass5/pi+sidis/LH2/z0p9/x0p25/Q23p3/hmsPneg3p642_shmsP6p538_hmsTh16p75_shmsTh10p305_thpq2/manifest.json
setting_dir: /home/cdaq/users/rparvez/RP_Scripts/rate_dependence_v1/settings/pass5/pi+sidis/LH2/z0p9/x0p25/Q23p3/hmsPneg3p642_shmsP6p538_hmsTh16p75_shmsTh10p305_thpq2
results_base: /home/cdaq/users/rparvez/RP_Scripts/rate_dependence_v1/results/pass5/pi+sidis/LH2/z0p9/x0p25/Q23p3/hmsPneg3p642_shmsP6p538_hmsTh16p75_shmsTh10p305_thpq2
log: /home/cdaq/users/rparvez/RP_Scripts/rate_dependence_v1/results/pass5/pi+sidis/LH2/z0p9/x0p25/Q23p3/hmsPneg3p642_shmsP6p538_hmsTh16p75_shmsTh10p305_thpq2/logs/YieldRatioVsTrigger.log

Loaded /home/cdaq/users/rparvez/RP_Scripts/rate_dependence_v1/results/pass5/pi+sidis/LH2/z0p9/x0p25/Q23p3/hmsPneg3p642_shmsP6p538_hmsTh16p75_shmsTh10p305_thpq2/tables/yield_vs_trigger_shms34.csv: rows=12, signal=5, runs=5
Loaded /home/cdaq/users/rparvez/RP_Scripts/rate_dependence_v1/results/pass5/pi+sidis/LH2/z0p9/x0p25/Q23p3/hmsPneg3p642_shmsP6p538_hmsTh16p75_shmsTh10p305_thpq2/tables/hms_elclean_chargeNorm_vs_current.csv: rows=12, signal=5, runs=5
Fit1 (raw): r = a + b*R
  range_kHz: [49.565, 101.878]
  a = 0.000230548722046 +/- 3.58999841929e-06
  b = 2.46201787181e-08 +/- 4.02477730627e-08 (per kHz)
  chi2/ndf = 3.32944478457 (3), prob=0.0186655584562

Fit2 (norm): y = 1 + m*R
  range_kHz: [49.565, 101.878]
  m = 0.000107343503369 +/- 9.51056286391e-05 (per kHz)
  tau_ns = -107.343503369 +/- 95.1056286391
  chi2/ndf = 0.657600959368 (4), prob=0.621446773879

Wrote CSV: /home/cdaq/users/rparvez/RP_Scripts/rate_dependence_v1/results/pass5/pi+sidis/LH2/z0p9/x0p25/Q23p3/hmsPneg3p642_shmsP6p538_hmsTh16p75_shmsTh10p305_thpq2/tables/yield_ratio_vs_trigger_shms34.csv
Wrote PNG: /home/cdaq/users/rparvez/RP_Scripts/rate_dependence_v1/results/pass5/pi+sidis/LH2/z0p9/x0p25/Q23p3/hmsPneg3p642_shmsP6p538_hmsTh16p75_shmsTh10p305_thpq2/PNGs/yield_ratio_vs_trigger_shms34.png
Wrote ROOT: /home/cdaq/users/rparvez/RP_Scripts/rate_dependence_v1/results/pass5/pi+sidis/LH2/z0p9/x0p25/Q23p3/hmsPneg3p642_shmsP6p538_hmsTh16p75_shmsTh10p305_thpq2/canvases/yield_ratio_vs_trigger_shms34.root
