CoincidenceBlockingByRun
manifest: /home/cdaq/users/rparvez/RP_Scripts/rate_dependence_v1/settings/pass4/pi-sidis/LD2/z0p36/x0p25/Q23p3/hmsPneg1p531_shmsPneg2p615_hmsTh29p045_shmsTh7p865_thpq2/manifest.json
setting_dir: /home/cdaq/users/rparvez/RP_Scripts/rate_dependence_v1/settings/pass4/pi-sidis/LD2/z0p36/x0p25/Q23p3/hmsPneg1p531_shmsPneg2p615_hmsTh29p045_shmsTh7p865_thpq2
setting_id: hmsPneg1p531_shmsPneg2p615_hmsTh29p045_shmsTh7p865_thpq2
results_base: /home/cdaq/users/rparvez/RP_Scripts/rate_dependence_v1/results/pass4/pi-sidis/LD2/z0p36/x0p25/Q23p3/hmsPneg1p531_shmsPneg2p615_hmsTh29p045_shmsTh7p865_thpq2
log: /home/cdaq/users/rparvez/RP_Scripts/rate_dependence_v1/results/pass4/pi-sidis/LD2/z0p36/x0p25/Q23p3/hmsPneg1p531_shmsPneg2p615_hmsTh29p045_shmsTh7p865_thpq2/logs/CoincidenceBlockingByRun.log

Loaded rows from run_metadata.csv: 20
WARNING [run 23878]: cannot open ROOT file: ./Pass0_ROOTfiles/coin_replay_production_23878_-1.root
WARNING [run 23886]: cannot open ROOT file: ./Pass0_ROOTfiles/coin_replay_production_23886_-1.root
WARNING [run 23887]: cannot open ROOT file: ./Pass0_ROOTfiles/coin_replay_production_23887_-1.root
WARNING [run 23888]: cannot open ROOT file: ./Pass0_ROOTfiles/coin_replay_production_23888_-1.root
WARNING [run 23889]: cannot open ROOT file: ./Pass0_ROOTfiles/coin_replay_production_23889_-1.root
WARNING [run 23897]: cannot open ROOT file: ./Pass0_ROOTfiles/coin_replay_production_23897_-1.root
WARNING [run 23898]: cannot open ROOT file: ./Pass0_ROOTfiles/coin_replay_production_23898_-1.root
WARNING [run 23899]: cannot open ROOT file: ./Pass0_ROOTfiles/coin_replay_production_23899_-1.root
WARNING [run 23900]: cannot open ROOT file: ./Pass0_ROOTfiles/coin_replay_production_23900_-1.root
WARNING [run 23879]: cannot open ROOT file: ./Pass0_ROOTfiles/coin_replay_production_23879_-1.root
WARNING [run 23890]: cannot open ROOT file: ./Pass0_ROOTfiles/coin_replay_production_23890_-1.root
WARNING [run 23891]: cannot open ROOT file: ./Pass0_ROOTfiles/coin_replay_production_23891_-1.root
WARNING [run 23901]: cannot open ROOT file: ./Pass0_ROOTfiles/coin_replay_production_23901_-1.root
WARNING [run 23902]: cannot open ROOT file: ./Pass0_ROOTfiles/coin_replay_production_23902_-1.root
WARNING [run 23903]: cannot open ROOT file: ./Pass0_ROOTfiles/coin_replay_production_23903_-1.root
WARNING [run 23948]: cannot open ROOT file: ./Pass0_ROOTfiles/coin_replay_production_23948_-1.root
WARNING [run 23949]: cannot open ROOT file: ./Pass0_ROOTfiles/coin_replay_production_23949_-1.root
WARNING [run 23955]: cannot open ROOT file: ./Pass0_ROOTfiles/coin_replay_production_23955_-1.root
WARNING [run 23956]: cannot open ROOT file: ./Pass0_ROOTfiles/coin_replay_production_23956_-1.root
WARNING [run 24600]: cannot open ROOT file: ./Pass0_ROOTfiles/coin_replay_production_24600_-1.root

Wrote CSV: /home/cdaq/users/rparvez/RP_Scripts/rate_dependence_v1/results/pass4/pi-sidis/LD2/z0p36/x0p25/Q23p3/hmsPneg1p531_shmsPneg2p615_hmsTh29p045_shmsTh7p865_thpq2/tables/coincidence_blocking_by_run.csv
