YieldRatioVsTrigger (v1, signal-only)
manifest: /home/cdaq/users/rparvez/RP_Scripts/rate_dependence_v1/settings/pass4/pi-sidis/LD2/z0p36/x0p25/Q23p3/hmsPneg1p531_shmsPneg2p615_hmsTh29p045_shmsTh7p865_thpq2/manifest.json
setting_dir: /home/cdaq/users/rparvez/RP_Scripts/rate_dependence_v1/settings/pass4/pi-sidis/LD2/z0p36/x0p25/Q23p3/hmsPneg1p531_shmsPneg2p615_hmsTh29p045_shmsTh7p865_thpq2
results_base: /home/cdaq/users/rparvez/RP_Scripts/rate_dependence_v1/results/pass4/pi-sidis/LD2/z0p36/x0p25/Q23p3/hmsPneg1p531_shmsPneg2p615_hmsTh29p045_shmsTh7p865_thpq2
log: /home/cdaq/users/rparvez/RP_Scripts/rate_dependence_v1/results/pass4/pi-sidis/LD2/z0p36/x0p25/Q23p3/hmsPneg1p531_shmsPneg2p615_hmsTh29p045_shmsTh7p865_thpq2/logs/YieldRatioVsTrigger.log

Loaded /home/cdaq/users/rparvez/RP_Scripts/rate_dependence_v1/results/pass4/pi-sidis/LD2/z0p36/x0p25/Q23p3/hmsPneg1p531_shmsPneg2p615_hmsTh29p045_shmsTh7p865_thpq2/tables/yield_vs_trigger_shms34.csv: rows=16, signal=9, runs=9
Loaded /home/cdaq/users/rparvez/RP_Scripts/rate_dependence_v1/results/pass4/pi-sidis/LD2/z0p36/x0p25/Q23p3/hmsPneg1p531_shmsPneg2p615_hmsTh29p045_shmsTh7p865_thpq2/tables/hms_elclean_chargeNorm_vs_current.csv: rows=16, signal=9, runs=9
Fit1 (raw): r = a + b*R
  range_kHz: [635.87, 921.273]
  a = 0.000234660859039 +/- 1.95320780899e-05
  b = -8.81936243183e-08 +/- 2.41109410366e-08 (per kHz)
  chi2/ndf = 1.26489869556 (7), prob=0.263287401816

Fit2 (norm): y = 1 + m*R
  range_kHz: [635.87, 921.273]
  m = -0.000378772620715 +/- 2.94760513538e-05 (per kHz)
  tau_ns = 378.772620715 +/- 29.4760513538
  chi2/ndf = 0.347294747085 (8), prob=0.947487559718

Wrote CSV: /home/cdaq/users/rparvez/RP_Scripts/rate_dependence_v1/results/pass4/pi-sidis/LD2/z0p36/x0p25/Q23p3/hmsPneg1p531_shmsPneg2p615_hmsTh29p045_shmsTh7p865_thpq2/tables/yield_ratio_vs_trigger_shms34.csv
Wrote PNG: /home/cdaq/users/rparvez/RP_Scripts/rate_dependence_v1/results/pass4/pi-sidis/LD2/z0p36/x0p25/Q23p3/hmsPneg1p531_shmsPneg2p615_hmsTh29p045_shmsTh7p865_thpq2/PNGs/yield_ratio_vs_trigger_shms34.png
Wrote ROOT: /home/cdaq/users/rparvez/RP_Scripts/rate_dependence_v1/results/pass4/pi-sidis/LD2/z0p36/x0p25/Q23p3/hmsPneg1p531_shmsPneg2p615_hmsTh29p045_shmsTh7p865_thpq2/canvases/yield_ratio_vs_trigger_shms34.root
