YieldRatioVsTrigger (v1, signal-only)
manifest: /home/cdaq/users/rparvez/RP_Scripts/rate_dependence_v1/settings/pass5/pi-sidis/LH2/z0p36/x0p25/Q23p3/hmsPneg3p642_shmsPneg3p632_hmsTh16p755_shmsTh8p11_thpqneg0p2/manifest.json
setting_dir: /home/cdaq/users/rparvez/RP_Scripts/rate_dependence_v1/settings/pass5/pi-sidis/LH2/z0p36/x0p25/Q23p3/hmsPneg3p642_shmsPneg3p632_hmsTh16p755_shmsTh8p11_thpqneg0p2
results_base: /home/cdaq/users/rparvez/RP_Scripts/rate_dependence_v1/results/pass5/pi-sidis/LH2/z0p36/x0p25/Q23p3/hmsPneg3p642_shmsPneg3p632_hmsTh16p755_shmsTh8p11_thpqneg0p2
log: /home/cdaq/users/rparvez/RP_Scripts/rate_dependence_v1/results/pass5/pi-sidis/LH2/z0p36/x0p25/Q23p3/hmsPneg3p642_shmsPneg3p632_hmsTh16p755_shmsTh8p11_thpqneg0p2/logs/YieldRatioVsTrigger.log

Loaded /home/cdaq/users/rparvez/RP_Scripts/rate_dependence_v1/results/pass5/pi-sidis/LH2/z0p36/x0p25/Q23p3/hmsPneg3p642_shmsPneg3p632_hmsTh16p755_shmsTh8p11_thpqneg0p2/tables/yield_vs_trigger_shms34.csv: rows=20, signal=13, runs=13
Loaded /home/cdaq/users/rparvez/RP_Scripts/rate_dependence_v1/results/pass5/pi-sidis/LH2/z0p36/x0p25/Q23p3/hmsPneg3p642_shmsPneg3p632_hmsTh16p755_shmsTh8p11_thpqneg0p2/tables/hms_elclean_chargeNorm_vs_current.csv: rows=20, signal=13, runs=13
Fit1 (raw): r = a + b*R
  range_kHz: [451.845, 890.788]
  a = 0.000185872441609 +/- 4.65165077272e-06
  b = -2.47432445949e-08 +/- 5.58010482674e-09 (per kHz)
  chi2/ndf = 0.660545258887 (11), prob=0.777151475092

Fit2 (norm): y = 1 + m*R
  range_kHz: [451.845, 890.788]
  m = -0.000132264624586 +/- 9.19880901138e-06 (per kHz)
  tau_ns = 132.264624586 +/- 9.19880901138
  chi2/ndf = 0.185689990654 (12), prob=0.998967371092

Wrote CSV: /home/cdaq/users/rparvez/RP_Scripts/rate_dependence_v1/results/pass5/pi-sidis/LH2/z0p36/x0p25/Q23p3/hmsPneg3p642_shmsPneg3p632_hmsTh16p755_shmsTh8p11_thpqneg0p2/tables/yield_ratio_vs_trigger_shms34.csv
Wrote PNG: /home/cdaq/users/rparvez/RP_Scripts/rate_dependence_v1/results/pass5/pi-sidis/LH2/z0p36/x0p25/Q23p3/hmsPneg3p642_shmsPneg3p632_hmsTh16p755_shmsTh8p11_thpqneg0p2/PNGs/yield_ratio_vs_trigger_shms34.png
Wrote ROOT: /home/cdaq/users/rparvez/RP_Scripts/rate_dependence_v1/results/pass5/pi-sidis/LH2/z0p36/x0p25/Q23p3/hmsPneg3p642_shmsPneg3p632_hmsTh16p755_shmsTh8p11_thpqneg0p2/canvases/yield_ratio_vs_trigger_shms34.root
