YieldRatioVsTrigger (v1, signal-only)
manifest: /home/cdaq/users/rparvez/RP_Scripts/rate_dependence_v1/settings/pass5/pi+sidis/LH2/z0p67/x0p25/Q23p3/hmsPneg3p642_shmsP4p868_hmsTh16p75_shmsTh10p305_thpq2/manifest.json
setting_dir: /home/cdaq/users/rparvez/RP_Scripts/rate_dependence_v1/settings/pass5/pi+sidis/LH2/z0p67/x0p25/Q23p3/hmsPneg3p642_shmsP4p868_hmsTh16p75_shmsTh10p305_thpq2
results_base: /home/cdaq/users/rparvez/RP_Scripts/rate_dependence_v1/results/pass5/pi+sidis/LH2/z0p67/x0p25/Q23p3/hmsPneg3p642_shmsP4p868_hmsTh16p75_shmsTh10p305_thpq2
log: /home/cdaq/users/rparvez/RP_Scripts/rate_dependence_v1/results/pass5/pi+sidis/LH2/z0p67/x0p25/Q23p3/hmsPneg3p642_shmsP4p868_hmsTh16p75_shmsTh10p305_thpq2/logs/YieldRatioVsTrigger.log

Loaded /home/cdaq/users/rparvez/RP_Scripts/rate_dependence_v1/results/pass5/pi+sidis/LH2/z0p67/x0p25/Q23p3/hmsPneg3p642_shmsP4p868_hmsTh16p75_shmsTh10p305_thpq2/tables/yield_vs_trigger_shms34.csv: rows=12, signal=5, runs=5
Loaded /home/cdaq/users/rparvez/RP_Scripts/rate_dependence_v1/results/pass5/pi+sidis/LH2/z0p67/x0p25/Q23p3/hmsPneg3p642_shmsP4p868_hmsTh16p75_shmsTh10p305_thpq2/tables/hms_elclean_chargeNorm_vs_current.csv: rows=12, signal=5, runs=5
Fit1 (raw): r = a + b*R
  range_kHz: [211.455, 407.528]
  a = 0.000405510521936 +/- 4.69673506353e-06
  b = -3.36253419411e-08 +/- 1.31600715041e-08 (per kHz)
  chi2/ndf = 0.47481062583 (3), prob=0.699817889205

Fit2 (norm): y = 1 + m*R
  range_kHz: [211.455, 407.528]
  m = -8.29428020301e-05 +/- 1.67686582567e-05 (per kHz)
  tau_ns = 82.9428020301 +/- 16.7686582567
  chi2/ndf = 0.0991706808172 (4), prob=0.982747597262

Wrote CSV: /home/cdaq/users/rparvez/RP_Scripts/rate_dependence_v1/results/pass5/pi+sidis/LH2/z0p67/x0p25/Q23p3/hmsPneg3p642_shmsP4p868_hmsTh16p75_shmsTh10p305_thpq2/tables/yield_ratio_vs_trigger_shms34.csv
Wrote PNG: /home/cdaq/users/rparvez/RP_Scripts/rate_dependence_v1/results/pass5/pi+sidis/LH2/z0p67/x0p25/Q23p3/hmsPneg3p642_shmsP4p868_hmsTh16p75_shmsTh10p305_thpq2/PNGs/yield_ratio_vs_trigger_shms34.png
Wrote ROOT: /home/cdaq/users/rparvez/RP_Scripts/rate_dependence_v1/results/pass5/pi+sidis/LH2/z0p67/x0p25/Q23p3/hmsPneg3p642_shmsP4p868_hmsTh16p75_shmsTh10p305_thpq2/canvases/yield_ratio_vs_trigger_shms34.root
