YieldRatioVsTrigger (v1, signal-only)
manifest: /home/cdaq/users/rparvez/RP_Scripts/rate_dependence_v1/settings/pass5/pi-sidis/LH2/z0p36/x0p25/Q23p3/hmsPneg3p642_shmsPneg2p615_hmsTh16p75_shmsTh10p305_thpq2/manifest.json
setting_dir: /home/cdaq/users/rparvez/RP_Scripts/rate_dependence_v1/settings/pass5/pi-sidis/LH2/z0p36/x0p25/Q23p3/hmsPneg3p642_shmsPneg2p615_hmsTh16p75_shmsTh10p305_thpq2
results_base: /home/cdaq/users/rparvez/RP_Scripts/rate_dependence_v1/results/pass5/pi-sidis/LH2/z0p36/x0p25/Q23p3/hmsPneg3p642_shmsPneg2p615_hmsTh16p75_shmsTh10p305_thpq2
log: /home/cdaq/users/rparvez/RP_Scripts/rate_dependence_v1/results/pass5/pi-sidis/LH2/z0p36/x0p25/Q23p3/hmsPneg3p642_shmsPneg2p615_hmsTh16p75_shmsTh10p305_thpq2/logs/YieldRatioVsTrigger.log

Loaded /home/cdaq/users/rparvez/RP_Scripts/rate_dependence_v1/results/pass5/pi-sidis/LH2/z0p36/x0p25/Q23p3/hmsPneg3p642_shmsPneg2p615_hmsTh16p75_shmsTh10p305_thpq2/tables/yield_vs_trigger_shms34.csv: rows=18, signal=11, runs=11
Loaded /home/cdaq/users/rparvez/RP_Scripts/rate_dependence_v1/results/pass5/pi-sidis/LH2/z0p36/x0p25/Q23p3/hmsPneg3p642_shmsPneg2p615_hmsTh16p75_shmsTh10p305_thpq2/tables/hms_elclean_chargeNorm_vs_current.csv: rows=18, signal=11, runs=11
Fit1 (raw): r = a + b*R
  range_kHz: [437.689, 864.211]
  a = 0.000206459073101 +/- 3.70376892207e-06
  b = -6.34006880984e-09 +/- 4.87557207043e-09 (per kHz)
  chi2/ndf = 5.11867463893 (9), prob=5.8493877962e-07

WARNING (STRONG): Fit1 probability is very small (<1e-4). Linear model may be insufficient or data inconsistent.
Fit2 (norm): y = 1 + m*R
  range_kHz: [437.689, 864.211]
  m = -2.97001537217e-05 +/- 9.2386612033e-06 (per kHz)
  tau_ns = 29.7001537217 +/- 9.2386612033
  chi2/ndf = 1.87604357342 (10), prob=0.0434131582818

Wrote CSV: /home/cdaq/users/rparvez/RP_Scripts/rate_dependence_v1/results/pass5/pi-sidis/LH2/z0p36/x0p25/Q23p3/hmsPneg3p642_shmsPneg2p615_hmsTh16p75_shmsTh10p305_thpq2/tables/yield_ratio_vs_trigger_shms34.csv
Wrote PNG: /home/cdaq/users/rparvez/RP_Scripts/rate_dependence_v1/results/pass5/pi-sidis/LH2/z0p36/x0p25/Q23p3/hmsPneg3p642_shmsPneg2p615_hmsTh16p75_shmsTh10p305_thpq2/PNGs/yield_ratio_vs_trigger_shms34.png
Wrote ROOT: /home/cdaq/users/rparvez/RP_Scripts/rate_dependence_v1/results/pass5/pi-sidis/LH2/z0p36/x0p25/Q23p3/hmsPneg3p642_shmsPneg2p615_hmsTh16p75_shmsTh10p305_thpq2/canvases/yield_ratio_vs_trigger_shms34.root
