YieldRatioVsTrigger (v1, signal-only)
manifest: /home/cdaq/users/rparvez/RP_Scripts/rate_dependence_v1/settings/pass5/pi+sidis/LH2/z0p5/x0p25/Q23p3/hmsPneg3p642_shmsP3p632_hmsTh16p75_shmsTh16p81_thpq8p5/manifest.json
setting_dir: /home/cdaq/users/rparvez/RP_Scripts/rate_dependence_v1/settings/pass5/pi+sidis/LH2/z0p5/x0p25/Q23p3/hmsPneg3p642_shmsP3p632_hmsTh16p75_shmsTh16p81_thpq8p5
results_base: /home/cdaq/users/rparvez/RP_Scripts/rate_dependence_v1/results/pass5/pi+sidis/LH2/z0p5/x0p25/Q23p3/hmsPneg3p642_shmsP3p632_hmsTh16p75_shmsTh16p81_thpq8p5
log: /home/cdaq/users/rparvez/RP_Scripts/rate_dependence_v1/results/pass5/pi+sidis/LH2/z0p5/x0p25/Q23p3/hmsPneg3p642_shmsP3p632_hmsTh16p75_shmsTh16p81_thpq8p5/logs/YieldRatioVsTrigger.log

Loaded /home/cdaq/users/rparvez/RP_Scripts/rate_dependence_v1/results/pass5/pi+sidis/LH2/z0p5/x0p25/Q23p3/hmsPneg3p642_shmsP3p632_hmsTh16p75_shmsTh16p81_thpq8p5/tables/yield_vs_trigger_shms34.csv: rows=13, signal=6, runs=6
Loaded /home/cdaq/users/rparvez/RP_Scripts/rate_dependence_v1/results/pass5/pi+sidis/LH2/z0p5/x0p25/Q23p3/hmsPneg3p642_shmsP3p632_hmsTh16p75_shmsTh16p81_thpq8p5/tables/hms_elclean_chargeNorm_vs_current.csv: rows=13, signal=6, runs=6
Fit1 (raw): r = a + b*R
  range_kHz: [74.88, 150.428]
  a = 0.000167055331612 +/- 2.90879012503e-06
  b = -1.52442866526e-08 +/- 2.22594475959e-08 (per kHz)
  chi2/ndf = 1.85953440664 (4), prob=0.114468303634

Fit2 (norm): y = 1 + m*R
  range_kHz: [74.88, 150.428]
  m = -8.95125245196e-05 +/- 6.39753649857e-05 (per kHz)
  tau_ns = 89.5125245196 +/- 63.9753649857
  chi2/ndf = 0.263889827381 (5), prob=0.932917709571

Wrote CSV: /home/cdaq/users/rparvez/RP_Scripts/rate_dependence_v1/results/pass5/pi+sidis/LH2/z0p5/x0p25/Q23p3/hmsPneg3p642_shmsP3p632_hmsTh16p75_shmsTh16p81_thpq8p5/tables/yield_ratio_vs_trigger_shms34.csv
Wrote PNG: /home/cdaq/users/rparvez/RP_Scripts/rate_dependence_v1/results/pass5/pi+sidis/LH2/z0p5/x0p25/Q23p3/hmsPneg3p642_shmsP3p632_hmsTh16p75_shmsTh16p81_thpq8p5/PNGs/yield_ratio_vs_trigger_shms34.png
Wrote ROOT: /home/cdaq/users/rparvez/RP_Scripts/rate_dependence_v1/results/pass5/pi+sidis/LH2/z0p5/x0p25/Q23p3/hmsPneg3p642_shmsP3p632_hmsTh16p75_shmsTh16p81_thpq8p5/canvases/yield_ratio_vs_trigger_shms34.root
