CoincidenceBlockingByRun
manifest: /home/cdaq/users/rparvez/RP_Scripts/rate_dependence_v1/settings/pass4/pi+sidis/LH2/z0p5/x0p25/Q23p3/hmsPneg1p531_shmsP3p632_hmsTh29p045_shmsTh7p865_thpq2/manifest.json
setting_dir: /home/cdaq/users/rparvez/RP_Scripts/rate_dependence_v1/settings/pass4/pi+sidis/LH2/z0p5/x0p25/Q23p3/hmsPneg1p531_shmsP3p632_hmsTh29p045_shmsTh7p865_thpq2
setting_id: hmsPneg1p531_shmsP3p632_hmsTh29p045_shmsTh7p865_thpq2
results_base: /home/cdaq/users/rparvez/RP_Scripts/rate_dependence_v1/results/pass4/pi+sidis/LH2/z0p5/x0p25/Q23p3/hmsPneg1p531_shmsP3p632_hmsTh29p045_shmsTh7p865_thpq2
log: /home/cdaq/users/rparvez/RP_Scripts/rate_dependence_v1/results/pass4/pi+sidis/LH2/z0p5/x0p25/Q23p3/hmsPneg1p531_shmsP3p632_hmsTh29p045_shmsTh7p865_thpq2/logs/CoincidenceBlockingByRun.log

Loaded rows from run_metadata.csv: 37
WARNING [run 24322]: cannot open ROOT file: ./Pass0_ROOTfiles/coin_replay_production_24322_-1.root
WARNING [run 24323]: cannot open ROOT file: ./Pass0_ROOTfiles/coin_replay_production_24323_-1.root
WARNING [run 24324]: cannot open ROOT file: ./Pass0_ROOTfiles/coin_replay_production_24324_-1.root
WARNING [run 24325]: cannot open ROOT file: ./Pass0_ROOTfiles/coin_replay_production_24325_-1.root
WARNING [run 24326]: cannot open ROOT file: ./Pass0_ROOTfiles/coin_replay_production_24326_-1.root
WARNING [run 24327]: cannot open ROOT file: ./Pass0_ROOTfiles/coin_replay_production_24327_-1.root
WARNING [run 24328]: cannot open ROOT file: ./Pass0_ROOTfiles/coin_replay_production_24328_-1.root
WARNING [run 24329]: cannot open ROOT file: ./Pass0_ROOTfiles/coin_replay_production_24329_-1.root
WARNING [run 24330]: cannot open ROOT file: ./Pass0_ROOTfiles/coin_replay_production_24330_-1.root
WARNING [run 24331]: cannot open ROOT file: ./Pass0_ROOTfiles/coin_replay_production_24331_-1.root
WARNING [run 24332]: cannot open ROOT file: ./Pass0_ROOTfiles/coin_replay_production_24332_-1.root
WARNING [run 24385]: cannot open ROOT file: ./Pass0_ROOTfiles/coin_replay_production_24385_-1.root
WARNING [run 24386]: cannot open ROOT file: ./Pass0_ROOTfiles/coin_replay_production_24386_-1.root
WARNING [run 24387]: cannot open ROOT file: ./Pass0_ROOTfiles/coin_replay_production_24387_-1.root
WARNING [run 24388]: cannot open ROOT file: ./Pass0_ROOTfiles/coin_replay_production_24388_-1.root
WARNING [run 24389]: cannot open ROOT file: ./Pass0_ROOTfiles/coin_replay_production_24389_-1.root
WARNING [run 24390]: cannot open ROOT file: ./Pass0_ROOTfiles/coin_replay_production_24390_-1.root
WARNING [run 24396]: cannot open ROOT file: ./Pass0_ROOTfiles/coin_replay_production_24396_-1.root
WARNING [run 24397]: cannot open ROOT file: ./Pass0_ROOTfiles/coin_replay_production_24397_-1.root
WARNING [run 24398]: cannot open ROOT file: ./Pass0_ROOTfiles/coin_replay_production_24398_-1.root
WARNING [run 24399]: cannot open ROOT file: ./Pass0_ROOTfiles/coin_replay_production_24399_-1.root
WARNING [run 24424]: cannot open ROOT file: ./Pass0_ROOTfiles/coin_replay_production_24424_-1.root
WARNING [run 24425]: cannot open ROOT file: ./Pass0_ROOTfiles/coin_replay_production_24425_-1.root
WARNING [run 24426]: cannot open ROOT file: ./Pass0_ROOTfiles/coin_replay_production_24426_-1.root
WARNING [run 24427]: cannot open ROOT file: ./Pass0_ROOTfiles/coin_replay_production_24427_-1.root
WARNING [run 24559]: cannot open ROOT file: ./Pass0_ROOTfiles/coin_replay_production_24559_-1.root
WARNING [run 24603]: cannot open ROOT file: ./Pass0_ROOTfiles/coin_replay_production_24603_-1.root
WARNING [run 24335]: cannot open ROOT file: ./Pass0_ROOTfiles/coin_replay_production_24335_-1.root
WARNING [run 24336]: cannot open ROOT file: ./Pass0_ROOTfiles/coin_replay_production_24336_-1.root
WARNING [run 24337]: cannot open ROOT file: ./Pass0_ROOTfiles/coin_replay_production_24337_-1.root
WARNING [run 24338]: cannot open ROOT file: ./Pass0_ROOTfiles/coin_replay_production_24338_-1.root
WARNING [run 24339]: cannot open ROOT file: ./Pass0_ROOTfiles/coin_replay_production_24339_-1.root
WARNING [run 24400]: cannot open ROOT file: ./Pass0_ROOTfiles/coin_replay_production_24400_-1.root
WARNING [run 24401]: cannot open ROOT file: ./Pass0_ROOTfiles/coin_replay_production_24401_-1.root
WARNING [run 24402]: cannot open ROOT file: ./Pass0_ROOTfiles/coin_replay_production_24402_-1.root
WARNING [run 24560]: cannot open ROOT file: ./Pass0_ROOTfiles/coin_replay_production_24560_-1.root
WARNING [run 24601]: cannot open ROOT file: ./Pass0_ROOTfiles/coin_replay_production_24601_-1.root

Wrote CSV: /home/cdaq/users/rparvez/RP_Scripts/rate_dependence_v1/results/pass4/pi+sidis/LH2/z0p5/x0p25/Q23p3/hmsPneg1p531_shmsP3p632_hmsTh29p045_shmsTh7p865_thpq2/tables/coincidence_blocking_by_run.csv
