YieldRatioVsTrigger (v1, signal-only)
manifest: /home/cdaq/users/rparvez/RP_Scripts/rate_dependence_v1/settings/pass4/pi-sidis/LH2/z0p9/x0p25/Q23p3/hmsPneg1p531_shmsPneg6p538_hmsTh29p045_shmsTh7p865_thpq2/manifest.json
setting_dir: /home/cdaq/users/rparvez/RP_Scripts/rate_dependence_v1/settings/pass4/pi-sidis/LH2/z0p9/x0p25/Q23p3/hmsPneg1p531_shmsPneg6p538_hmsTh29p045_shmsTh7p865_thpq2
results_base: /home/cdaq/users/rparvez/RP_Scripts/rate_dependence_v1/results/pass4/pi-sidis/LH2/z0p9/x0p25/Q23p3/hmsPneg1p531_shmsPneg6p538_hmsTh29p045_shmsTh7p865_thpq2
log: /home/cdaq/users/rparvez/RP_Scripts/rate_dependence_v1/results/pass4/pi-sidis/LH2/z0p9/x0p25/Q23p3/hmsPneg1p531_shmsPneg6p538_hmsTh29p045_shmsTh7p865_thpq2/logs/YieldRatioVsTrigger.log

Loaded /home/cdaq/users/rparvez/RP_Scripts/rate_dependence_v1/results/pass4/pi-sidis/LH2/z0p9/x0p25/Q23p3/hmsPneg1p531_shmsPneg6p538_hmsTh29p045_shmsTh7p865_thpq2/tables/yield_vs_trigger_shms34.csv: rows=11, signal=4, runs=4
Loaded /home/cdaq/users/rparvez/RP_Scripts/rate_dependence_v1/results/pass4/pi-sidis/LH2/z0p9/x0p25/Q23p3/hmsPneg1p531_shmsPneg6p538_hmsTh29p045_shmsTh7p865_thpq2/tables/hms_elclean_chargeNorm_vs_current.csv: rows=11, signal=4, runs=4
Fit1 (raw): r = a + b*R
  range_kHz: [190.411, 591.698]
  a = 5.15120444473e-05 +/- 9.52277399979e-06
  b = -1.14161442942e-09 +/- 1.80198452641e-08 (per kHz)
  chi2/ndf = 0.937940770339 (2), prob=0.391433056567

Fit2 (norm): y = 1 + m*R
  range_kHz: [190.411, 591.698]
  m = -5.10259637947e-05 +/- 0.000211719849828 (per kHz)
  tau_ns = 51.0259637947 +/- 211.719849828
  chi2/ndf = 0.15203155309 (3), prob=0.928425743336

Wrote CSV: /home/cdaq/users/rparvez/RP_Scripts/rate_dependence_v1/results/pass4/pi-sidis/LH2/z0p9/x0p25/Q23p3/hmsPneg1p531_shmsPneg6p538_hmsTh29p045_shmsTh7p865_thpq2/tables/yield_ratio_vs_trigger_shms34.csv
Wrote PNG: /home/cdaq/users/rparvez/RP_Scripts/rate_dependence_v1/results/pass4/pi-sidis/LH2/z0p9/x0p25/Q23p3/hmsPneg1p531_shmsPneg6p538_hmsTh29p045_shmsTh7p865_thpq2/PNGs/yield_ratio_vs_trigger_shms34.png
Wrote ROOT: /home/cdaq/users/rparvez/RP_Scripts/rate_dependence_v1/results/pass4/pi-sidis/LH2/z0p9/x0p25/Q23p3/hmsPneg1p531_shmsPneg6p538_hmsTh29p045_shmsTh7p865_thpq2/canvases/yield_ratio_vs_trigger_shms34.root
