CoincidenceBlockingByRun
manifest: /home/cdaq/users/rparvez/RP_Scripts/rate_dependence_v1/settings/pass4/pi-sidis/LH2/z0p67/x0p25/Q23p3/hmsPneg1p531_shmsPneg4p868_hmsTh29p045_shmsTh7p865_thpq2/manifest.json
setting_dir: /home/cdaq/users/rparvez/RP_Scripts/rate_dependence_v1/settings/pass4/pi-sidis/LH2/z0p67/x0p25/Q23p3/hmsPneg1p531_shmsPneg4p868_hmsTh29p045_shmsTh7p865_thpq2
setting_id: hmsPneg1p531_shmsPneg4p868_hmsTh29p045_shmsTh7p865_thpq2
results_base: /home/cdaq/users/rparvez/RP_Scripts/rate_dependence_v1/results/pass4/pi-sidis/LH2/z0p67/x0p25/Q23p3/hmsPneg1p531_shmsPneg4p868_hmsTh29p045_shmsTh7p865_thpq2
log: /home/cdaq/users/rparvez/RP_Scripts/rate_dependence_v1/results/pass4/pi-sidis/LH2/z0p67/x0p25/Q23p3/hmsPneg1p531_shmsPneg4p868_hmsTh29p045_shmsTh7p865_thpq2/logs/CoincidenceBlockingByRun.log

Loaded rows from run_metadata.csv: 33
WARNING [run 23977]: cannot open ROOT file: ./Pass0_ROOTfiles/coin_replay_production_23977_-1.root
WARNING [run 23979]: cannot open ROOT file: ./Pass0_ROOTfiles/coin_replay_production_23979_-1.root
WARNING [run 23985]: cannot open ROOT file: ./Pass0_ROOTfiles/coin_replay_production_23985_-1.root
WARNING [run 23986]: cannot open ROOT file: ./Pass0_ROOTfiles/coin_replay_production_23986_-1.root
WARNING [run 23987]: cannot open ROOT file: ./Pass0_ROOTfiles/coin_replay_production_23987_-1.root
WARNING [run 23988]: cannot open ROOT file: ./Pass0_ROOTfiles/coin_replay_production_23988_-1.root
WARNING [run 23989]: cannot open ROOT file: ./Pass0_ROOTfiles/coin_replay_production_23989_-1.root
WARNING [run 23990]: cannot open ROOT file: ./Pass0_ROOTfiles/coin_replay_production_23990_-1.root
WARNING [run 23991]: cannot open ROOT file: ./Pass0_ROOTfiles/coin_replay_production_23991_-1.root
WARNING [run 24011]: cannot open ROOT file: ./Pass0_ROOTfiles/coin_replay_production_24011_-1.root
WARNING [run 24012]: cannot open ROOT file: ./Pass0_ROOTfiles/coin_replay_production_24012_-1.root
WARNING [run 24013]: cannot open ROOT file: ./Pass0_ROOTfiles/coin_replay_production_24013_-1.root
WARNING [run 24014]: cannot open ROOT file: ./Pass0_ROOTfiles/coin_replay_production_24014_-1.root
WARNING [run 24015]: cannot open ROOT file: ./Pass0_ROOTfiles/coin_replay_production_24015_-1.root
WARNING [run 24016]: cannot open ROOT file: ./Pass0_ROOTfiles/coin_replay_production_24016_-1.root
WARNING [run 24054]: cannot open ROOT file: ./Pass0_ROOTfiles/coin_replay_production_24054_-1.root
WARNING [run 24055]: cannot open ROOT file: ./Pass0_ROOTfiles/coin_replay_production_24055_-1.root
WARNING [run 24056]: cannot open ROOT file: ./Pass0_ROOTfiles/coin_replay_production_24056_-1.root
WARNING [run 24057]: cannot open ROOT file: ./Pass0_ROOTfiles/coin_replay_production_24057_-1.root
WARNING [run 24058]: cannot open ROOT file: ./Pass0_ROOTfiles/coin_replay_production_24058_-1.root
WARNING [run 24059]: cannot open ROOT file: ./Pass0_ROOTfiles/coin_replay_production_24059_-1.root
WARNING [run 24081]: cannot open ROOT file: ./Pass0_ROOTfiles/coin_replay_production_24081_-1.root
WARNING [run 24082]: cannot open ROOT file: ./Pass0_ROOTfiles/coin_replay_production_24082_-1.root
WARNING [run 24584]: cannot open ROOT file: ./Pass0_ROOTfiles/coin_replay_production_24584_-1.root
WARNING [run 23981]: cannot open ROOT file: ./Pass0_ROOTfiles/coin_replay_production_23981_-1.root
WARNING [run 23999]: cannot open ROOT file: ./Pass0_ROOTfiles/coin_replay_production_23999_-1.root
WARNING [run 24032]: cannot open ROOT file: ./Pass0_ROOTfiles/coin_replay_production_24032_-1.root
WARNING [run 24066]: cannot open ROOT file: ./Pass0_ROOTfiles/coin_replay_production_24066_-1.root
WARNING [run 24084]: cannot open ROOT file: ./Pass0_ROOTfiles/coin_replay_production_24084_-1.root
WARNING [run 24085]: cannot open ROOT file: ./Pass0_ROOTfiles/coin_replay_production_24085_-1.root
WARNING [run 24086]: cannot open ROOT file: ./Pass0_ROOTfiles/coin_replay_production_24086_-1.root
WARNING [run 24585]: cannot open ROOT file: ./Pass0_ROOTfiles/coin_replay_production_24585_-1.root
WARNING [run 24587]: cannot open ROOT file: ./Pass0_ROOTfiles/coin_replay_production_24587_-1.root

Wrote CSV: /home/cdaq/users/rparvez/RP_Scripts/rate_dependence_v1/results/pass4/pi-sidis/LH2/z0p67/x0p25/Q23p3/hmsPneg1p531_shmsPneg4p868_hmsTh29p045_shmsTh7p865_thpq2/tables/coincidence_blocking_by_run.csv
