Reading startup commands from /home/cdaq/.root/rootlogon.C

Processing macros/CoincidenceBlockingByRun.C("/home/cdaq/users/rparvez/RP_Scripts/rate_dependence_v1/settings/pass5/pi-sidis/LH2/z0p36/x0p25/Q23p3/hmsPneg3p642_shmsPneg3p632_hmsTh16p755_shmsTh8p11_thpqneg0p2/manifest.json","/home/cdaq/users/rparvez/RP_Scripts/rate_dependence_v1/results")...
Warning in <TClass::Init>: no dictionary for class THcRunParameters is available
Warning in <TClass::Init>: no dictionary for class THaRunParameters is available
Warning in <TClass::Init>: no dictionary for class THaEvent is available
Warning in <TClass::Init>: no dictionary for class THaEventHeader is available
Warning in <TClass::Init>: no dictionary for class THcRun is available
Warning in <TClass::Init>: no dictionary for class THaRun is available
Warning in <TClass::Init>: no dictionary for class THaCodaRun is available
Warning in <TClass::Init>: no dictionary for class THaRunBase is available
Warning in <TClass::Init>: no dictionary for class DAQInfoExtra is available
Warning in <TClass::Init>: no dictionary for class DAQconfig is available
Error in <TBranch::GetBasket>: File: ./Pass0p1_ROOTfiles/coin_replay_production_25536_-1.root at byte:0, branch:CTime.CoinTime_RAW_ROC2, entry:153592, badread=0, nerrors=1, basketnumber=411
Error in <TBranch::GetBasket>: File: ./Pass0p1_ROOTfiles/coin_replay_production_25536_-1.root at byte:0, branch:CTime.CoinTime_RAW_ROC2, entry:153593, badread=0, nerrors=2, basketnumber=411
Error in <TBranch::GetBasket>: File: ./Pass0p1_ROOTfiles/coin_replay_production_25536_-1.root at byte:0, branch:CTime.CoinTime_RAW_ROC2, entry:153594, badread=0, nerrors=3, basketnumber=411
Error in <TBranch::GetBasket>: File: ./Pass0p1_ROOTfiles/coin_replay_production_25536_-1.root at byte:0, branch:CTime.CoinTime_RAW_ROC2, entry:153595, badread=0, nerrors=4, basketnumber=411
Error in <TBranch::GetBasket>: File: ./Pass0p1_ROOTfiles/coin_replay_production_25536_-1.root at byte:0, branch:CTime.CoinTime_RAW_ROC2, entry:153596, badread=0, nerrors=5, basketnumber=411
Error in <TBranch::GetBasket>: File: ./Pass0p1_ROOTfiles/coin_replay_production_25536_-1.root at byte:0, branch:CTime.CoinTime_RAW_ROC2, entry:153597, badread=0, nerrors=6, basketnumber=411
Error in <TBranch::GetBasket>: File: ./Pass0p1_ROOTfiles/coin_replay_production_25536_-1.root at byte:0, branch:CTime.CoinTime_RAW_ROC2, entry:153598, badread=0, nerrors=7, basketnumber=411
Error in <TBranch::GetBasket>: File: ./Pass0p1_ROOTfiles/coin_replay_production_25536_-1.root at byte:0, branch:CTime.CoinTime_RAW_ROC2, entry:153599, badread=0, nerrors=8, basketnumber=411
Error in <TBranch::GetBasket>: File: ./Pass0p1_ROOTfiles/coin_replay_production_25536_-1.root at byte:0, branch:CTime.CoinTime_RAW_ROC2, entry:153600, badread=0, nerrors=9, basketnumber=411
 file probably overwritten: stopping reporting error messages
===>File is more than 2 Gigabytes
Wrote CSV: /home/cdaq/users/rparvez/RP_Scripts/rate_dependence_v1/results/pass5/pi-sidis/LH2/z0p36/x0p25/Q23p3/hmsPneg3p642_shmsPneg3p632_hmsTh16p755_shmsTh8p11_thpqneg0p2/tables/coincidence_blocking_by_run.csv
