CoincidenceBlockingByRun
manifest: /home/cdaq/users/rparvez/RP_Scripts/rate_dependence_v1/settings/pass4/pi+sidis/LD2/z0p5/x0p25/Q23p3/hmsPneg1p531_shmsP3p632_hmsTh29p045_shmsTh7p865_thpq2/manifest.json
setting_dir: /home/cdaq/users/rparvez/RP_Scripts/rate_dependence_v1/settings/pass4/pi+sidis/LD2/z0p5/x0p25/Q23p3/hmsPneg1p531_shmsP3p632_hmsTh29p045_shmsTh7p865_thpq2
setting_id: hmsPneg1p531_shmsP3p632_hmsTh29p045_shmsTh7p865_thpq2
results_base: /home/cdaq/users/rparvez/RP_Scripts/rate_dependence_v1/results/pass4/pi+sidis/LD2/z0p5/x0p25/Q23p3/hmsPneg1p531_shmsP3p632_hmsTh29p045_shmsTh7p865_thpq2
log: /home/cdaq/users/rparvez/RP_Scripts/rate_dependence_v1/results/pass4/pi+sidis/LD2/z0p5/x0p25/Q23p3/hmsPneg1p531_shmsP3p632_hmsTh29p045_shmsTh7p865_thpq2/logs/CoincidenceBlockingByRun.log

Loaded rows from run_metadata.csv: 38
WARNING [run 24310]: cannot open ROOT file: ./Pass0_ROOTfiles/coin_replay_production_24310_-1.root
WARNING [run 24311]: cannot open ROOT file: ./Pass0_ROOTfiles/coin_replay_production_24311_-1.root
WARNING [run 24312]: cannot open ROOT file: ./Pass0_ROOTfiles/coin_replay_production_24312_-1.root
WARNING [run 24313]: cannot open ROOT file: ./Pass0_ROOTfiles/coin_replay_production_24313_-1.root
WARNING [run 24314]: cannot open ROOT file: ./Pass0_ROOTfiles/coin_replay_production_24314_-1.root
WARNING [run 24315]: cannot open ROOT file: ./Pass0_ROOTfiles/coin_replay_production_24315_-1.root
WARNING [run 24316]: cannot open ROOT file: ./Pass0_ROOTfiles/coin_replay_production_24316_-1.root
WARNING [run 24317]: cannot open ROOT file: ./Pass0_ROOTfiles/coin_replay_production_24317_-1.root
WARNING [run 24318]: cannot open ROOT file: ./Pass0_ROOTfiles/coin_replay_production_24318_-1.root
WARNING [run 24376]: cannot open ROOT file: ./Pass0_ROOTfiles/coin_replay_production_24376_-1.root
WARNING [run 24377]: cannot open ROOT file: ./Pass0_ROOTfiles/coin_replay_production_24377_-1.root
WARNING [run 24378]: cannot open ROOT file: ./Pass0_ROOTfiles/coin_replay_production_24378_-1.root
WARNING [run 24379]: cannot open ROOT file: ./Pass0_ROOTfiles/coin_replay_production_24379_-1.root
WARNING [run 24380]: cannot open ROOT file: ./Pass0_ROOTfiles/coin_replay_production_24380_-1.root
WARNING [run 24381]: cannot open ROOT file: ./Pass0_ROOTfiles/coin_replay_production_24381_-1.root
WARNING [run 24382]: cannot open ROOT file: ./Pass0_ROOTfiles/coin_replay_production_24382_-1.root
WARNING [run 24383]: cannot open ROOT file: ./Pass0_ROOTfiles/coin_replay_production_24383_-1.root
WARNING [run 24384]: cannot open ROOT file: ./Pass0_ROOTfiles/coin_replay_production_24384_-1.root
WARNING [run 24415]: cannot open ROOT file: ./Pass0_ROOTfiles/coin_replay_production_24415_-1.root
WARNING [run 24416]: cannot open ROOT file: ./Pass0_ROOTfiles/coin_replay_production_24416_-1.root
WARNING [run 24417]: cannot open ROOT file: ./Pass0_ROOTfiles/coin_replay_production_24417_-1.root
WARNING [run 24418]: cannot open ROOT file: ./Pass0_ROOTfiles/coin_replay_production_24418_-1.root
WARNING [run 24419]: cannot open ROOT file: ./Pass0_ROOTfiles/coin_replay_production_24419_-1.root
WARNING [run 24421]: cannot open ROOT file: ./Pass0_ROOTfiles/coin_replay_production_24421_-1.root
WARNING [run 24422]: cannot open ROOT file: ./Pass0_ROOTfiles/coin_replay_production_24422_-1.root
WARNING [run 24423]: cannot open ROOT file: ./Pass0_ROOTfiles/coin_replay_production_24423_-1.root
WARNING [run 24558]: cannot open ROOT file: ./Pass0_ROOTfiles/coin_replay_production_24558_-1.root
WARNING [run 24602]: cannot open ROOT file: ./Pass0_ROOTfiles/coin_replay_production_24602_-1.root
WARNING [run 24335]: cannot open ROOT file: ./Pass0_ROOTfiles/coin_replay_production_24335_-1.root
WARNING [run 24336]: cannot open ROOT file: ./Pass0_ROOTfiles/coin_replay_production_24336_-1.root
WARNING [run 24337]: cannot open ROOT file: ./Pass0_ROOTfiles/coin_replay_production_24337_-1.root
WARNING [run 24338]: cannot open ROOT file: ./Pass0_ROOTfiles/coin_replay_production_24338_-1.root
WARNING [run 24339]: cannot open ROOT file: ./Pass0_ROOTfiles/coin_replay_production_24339_-1.root
WARNING [run 24400]: cannot open ROOT file: ./Pass0_ROOTfiles/coin_replay_production_24400_-1.root
WARNING [run 24401]: cannot open ROOT file: ./Pass0_ROOTfiles/coin_replay_production_24401_-1.root
WARNING [run 24402]: cannot open ROOT file: ./Pass0_ROOTfiles/coin_replay_production_24402_-1.root
WARNING [run 24560]: cannot open ROOT file: ./Pass0_ROOTfiles/coin_replay_production_24560_-1.root
WARNING [run 24601]: cannot open ROOT file: ./Pass0_ROOTfiles/coin_replay_production_24601_-1.root

Wrote CSV: /home/cdaq/users/rparvez/RP_Scripts/rate_dependence_v1/results/pass4/pi+sidis/LD2/z0p5/x0p25/Q23p3/hmsPneg1p531_shmsP3p632_hmsTh29p045_shmsTh7p865_thpq2/tables/coincidence_blocking_by_run.csv
