YieldRatioVsTrigger (v1, signal-only)
manifest: /home/cdaq/users/rparvez/RP_Scripts/rate_dependence_v1/settings/pass5/pi-sidis/LH2/z0p67/x0p25/Q23p3/hmsPneg3p642_shmsPneg4p868_hmsTh16p75_shmsTh7p51_thpqneg0p8/manifest.json
setting_dir: /home/cdaq/users/rparvez/RP_Scripts/rate_dependence_v1/settings/pass5/pi-sidis/LH2/z0p67/x0p25/Q23p3/hmsPneg3p642_shmsPneg4p868_hmsTh16p75_shmsTh7p51_thpqneg0p8
results_base: /home/cdaq/users/rparvez/RP_Scripts/rate_dependence_v1/results/pass5/pi-sidis/LH2/z0p67/x0p25/Q23p3/hmsPneg3p642_shmsPneg4p868_hmsTh16p75_shmsTh7p51_thpqneg0p8
log: /home/cdaq/users/rparvez/RP_Scripts/rate_dependence_v1/results/pass5/pi-sidis/LH2/z0p67/x0p25/Q23p3/hmsPneg3p642_shmsPneg4p868_hmsTh16p75_shmsTh7p51_thpqneg0p8/logs/YieldRatioVsTrigger.log

Loaded /home/cdaq/users/rparvez/RP_Scripts/rate_dependence_v1/results/pass5/pi-sidis/LH2/z0p67/x0p25/Q23p3/hmsPneg3p642_shmsPneg4p868_hmsTh16p75_shmsTh7p51_thpqneg0p8/tables/yield_vs_trigger_shms34.csv: rows=17, signal=10, runs=10
Loaded /home/cdaq/users/rparvez/RP_Scripts/rate_dependence_v1/results/pass5/pi-sidis/LH2/z0p67/x0p25/Q23p3/hmsPneg3p642_shmsPneg4p868_hmsTh16p75_shmsTh7p51_thpqneg0p8/tables/hms_elclean_chargeNorm_vs_current.csv: rows=17, signal=10, runs=10
Fit1 (raw): r = a + b*R
  range_kHz: [280.051, 849.764]
  a = 0.000175792763135 +/- 2.87651108486e-06
  b = -2.33661687046e-08 +/- 3.85429925116e-09 (per kHz)
  chi2/ndf = 1.00963343699 (8), prob=0.425978395034

Fit2 (norm): y = 1 + m*R
  range_kHz: [280.051, 849.764]
  m = -0.000133150178977 +/- 8.58873044435e-06 (per kHz)
  tau_ns = 133.150178977 +/- 8.58873044435
  chi2/ndf = 0.46031625556 (9), prob=0.901761509233

Wrote CSV: /home/cdaq/users/rparvez/RP_Scripts/rate_dependence_v1/results/pass5/pi-sidis/LH2/z0p67/x0p25/Q23p3/hmsPneg3p642_shmsPneg4p868_hmsTh16p75_shmsTh7p51_thpqneg0p8/tables/yield_ratio_vs_trigger_shms34.csv
Wrote PNG: /home/cdaq/users/rparvez/RP_Scripts/rate_dependence_v1/results/pass5/pi-sidis/LH2/z0p67/x0p25/Q23p3/hmsPneg3p642_shmsPneg4p868_hmsTh16p75_shmsTh7p51_thpqneg0p8/PNGs/yield_ratio_vs_trigger_shms34.png
Wrote ROOT: /home/cdaq/users/rparvez/RP_Scripts/rate_dependence_v1/results/pass5/pi-sidis/LH2/z0p67/x0p25/Q23p3/hmsPneg3p642_shmsPneg4p868_hmsTh16p75_shmsTh7p51_thpqneg0p8/canvases/yield_ratio_vs_trigger_shms34.root
