YieldRatioVsTrigger (v1, signal-only)
manifest: /home/cdaq/users/rparvez/RP_Scripts/rate_dependence_v1/settings/pass5/pi-sidis/LD2/z0p67/x0p25/Q23p3/hmsPneg3p642_shmsPneg4p868_hmsTh16p75_shmsTh7p51_thpqneg0p8/manifest.json
setting_dir: /home/cdaq/users/rparvez/RP_Scripts/rate_dependence_v1/settings/pass5/pi-sidis/LD2/z0p67/x0p25/Q23p3/hmsPneg3p642_shmsPneg4p868_hmsTh16p75_shmsTh7p51_thpqneg0p8
results_base: /home/cdaq/users/rparvez/RP_Scripts/rate_dependence_v1/results/pass5/pi-sidis/LD2/z0p67/x0p25/Q23p3/hmsPneg3p642_shmsPneg4p868_hmsTh16p75_shmsTh7p51_thpqneg0p8
log: /home/cdaq/users/rparvez/RP_Scripts/rate_dependence_v1/results/pass5/pi-sidis/LD2/z0p67/x0p25/Q23p3/hmsPneg3p642_shmsPneg4p868_hmsTh16p75_shmsTh7p51_thpqneg0p8/logs/YieldRatioVsTrigger.log

Loaded /home/cdaq/users/rparvez/RP_Scripts/rate_dependence_v1/results/pass5/pi-sidis/LD2/z0p67/x0p25/Q23p3/hmsPneg3p642_shmsPneg4p868_hmsTh16p75_shmsTh7p51_thpqneg0p8/tables/yield_vs_trigger_shms34.csv: rows=14, signal=7, runs=7
Loaded /home/cdaq/users/rparvez/RP_Scripts/rate_dependence_v1/results/pass5/pi-sidis/LD2/z0p67/x0p25/Q23p3/hmsPneg3p642_shmsPneg4p868_hmsTh16p75_shmsTh7p51_thpqneg0p8/tables/hms_elclean_chargeNorm_vs_current.csv: rows=14, signal=7, runs=7
Fit1 (raw): r = a + b*R
  range_kHz: [462.892, 910.926]
  a = 0.000208220767054 +/- 4.35778168234e-06
  b = -2.05254657332e-08 +/- 5.24117537683e-09 (per kHz)
  chi2/ndf = 0.640688366533 (5), prob=0.668653959028

Fit2 (norm): y = 1 + m*R
  range_kHz: [462.892, 910.926]
  m = -9.86733883114e-05 +/- 1.04866268666e-05 (per kHz)
  tau_ns = 98.6733883114 +/- 10.4866268666
  chi2/ndf = 0.135759381598 (6), prob=0.991677680066

Wrote CSV: /home/cdaq/users/rparvez/RP_Scripts/rate_dependence_v1/results/pass5/pi-sidis/LD2/z0p67/x0p25/Q23p3/hmsPneg3p642_shmsPneg4p868_hmsTh16p75_shmsTh7p51_thpqneg0p8/tables/yield_ratio_vs_trigger_shms34.csv
Wrote PNG: /home/cdaq/users/rparvez/RP_Scripts/rate_dependence_v1/results/pass5/pi-sidis/LD2/z0p67/x0p25/Q23p3/hmsPneg3p642_shmsPneg4p868_hmsTh16p75_shmsTh7p51_thpqneg0p8/PNGs/yield_ratio_vs_trigger_shms34.png
Wrote ROOT: /home/cdaq/users/rparvez/RP_Scripts/rate_dependence_v1/results/pass5/pi-sidis/LD2/z0p67/x0p25/Q23p3/hmsPneg3p642_shmsPneg4p868_hmsTh16p75_shmsTh7p51_thpqneg0p8/canvases/yield_ratio_vs_trigger_shms34.root
