YieldRatioVsTrigger (v1, signal-only)
manifest: /home/cdaq/users/rparvez/RP_Scripts/rate_dependence_v1/settings/pass5/pi+sidis/LD2/z0p36/x0p25/Q23p3/hmsPneg3p642_shmsP2p615_hmsTh16p75_shmsTh10p305_thpq2/manifest.json
setting_dir: /home/cdaq/users/rparvez/RP_Scripts/rate_dependence_v1/settings/pass5/pi+sidis/LD2/z0p36/x0p25/Q23p3/hmsPneg3p642_shmsP2p615_hmsTh16p75_shmsTh10p305_thpq2
results_base: /home/cdaq/users/rparvez/RP_Scripts/rate_dependence_v1/results/pass5/pi+sidis/LD2/z0p36/x0p25/Q23p3/hmsPneg3p642_shmsP2p615_hmsTh16p75_shmsTh10p305_thpq2
log: /home/cdaq/users/rparvez/RP_Scripts/rate_dependence_v1/results/pass5/pi+sidis/LD2/z0p36/x0p25/Q23p3/hmsPneg3p642_shmsP2p615_hmsTh16p75_shmsTh10p305_thpq2/logs/YieldRatioVsTrigger.log

Loaded /home/cdaq/users/rparvez/RP_Scripts/rate_dependence_v1/results/pass5/pi+sidis/LD2/z0p36/x0p25/Q23p3/hmsPneg3p642_shmsP2p615_hmsTh16p75_shmsTh10p305_thpq2/tables/yield_vs_trigger_shms34.csv: rows=15, signal=8, runs=8
Loaded /home/cdaq/users/rparvez/RP_Scripts/rate_dependence_v1/results/pass5/pi+sidis/LD2/z0p36/x0p25/Q23p3/hmsPneg3p642_shmsP2p615_hmsTh16p75_shmsTh10p305_thpq2/tables/hms_elclean_chargeNorm_vs_current.csv: rows=15, signal=8, runs=8
Fit1 (raw): r = a + b*R
  range_kHz: [467.598, 827.792]
  a = 0.000352401559408 +/- 9.06969189883e-06
  b = -3.40043132086e-08 +/- 1.19148150808e-08 (per kHz)
  chi2/ndf = 2.63364726876 (6), prob=0.0148577777153

Fit2 (norm): y = 1 + m*R
  range_kHz: [467.598, 827.792]
  m = -9.26949553721e-05 +/- 1.32321317956e-05 (per kHz)
  tau_ns = 92.6949553721 +/- 13.2321317956
  chi2/ndf = 0.647618764938 (7), prob=0.71669998792

Wrote CSV: /home/cdaq/users/rparvez/RP_Scripts/rate_dependence_v1/results/pass5/pi+sidis/LD2/z0p36/x0p25/Q23p3/hmsPneg3p642_shmsP2p615_hmsTh16p75_shmsTh10p305_thpq2/tables/yield_ratio_vs_trigger_shms34.csv
Wrote PNG: /home/cdaq/users/rparvez/RP_Scripts/rate_dependence_v1/results/pass5/pi+sidis/LD2/z0p36/x0p25/Q23p3/hmsPneg3p642_shmsP2p615_hmsTh16p75_shmsTh10p305_thpq2/PNGs/yield_ratio_vs_trigger_shms34.png
Wrote ROOT: /home/cdaq/users/rparvez/RP_Scripts/rate_dependence_v1/results/pass5/pi+sidis/LD2/z0p36/x0p25/Q23p3/hmsPneg3p642_shmsP2p615_hmsTh16p75_shmsTh10p305_thpq2/canvases/yield_ratio_vs_trigger_shms34.root
