CoincidenceBlockingByRun
manifest: /home/cdaq/users/rparvez/RP_Scripts/rate_dependence_v1/settings/pass4/pi+sidis/LH2/z0p67/x0p25/Q23p3/hmsPneg1p531_shmsP4p868_hmsTh29p045_shmsTh7p865_thpq2/manifest.json
setting_dir: /home/cdaq/users/rparvez/RP_Scripts/rate_dependence_v1/settings/pass4/pi+sidis/LH2/z0p67/x0p25/Q23p3/hmsPneg1p531_shmsP4p868_hmsTh29p045_shmsTh7p865_thpq2
setting_id: hmsPneg1p531_shmsP4p868_hmsTh29p045_shmsTh7p865_thpq2
results_base: /home/cdaq/users/rparvez/RP_Scripts/rate_dependence_v1/results/pass4/pi+sidis/LH2/z0p67/x0p25/Q23p3/hmsPneg1p531_shmsP4p868_hmsTh29p045_shmsTh7p865_thpq2
log: /home/cdaq/users/rparvez/RP_Scripts/rate_dependence_v1/results/pass4/pi+sidis/LH2/z0p67/x0p25/Q23p3/hmsPneg1p531_shmsP4p868_hmsTh29p045_shmsTh7p865_thpq2/logs/CoincidenceBlockingByRun.log

Loaded rows from run_metadata.csv: 24
WARNING [run 24222]: cannot open ROOT file: ./Pass0_ROOTfiles/coin_replay_production_24222_-1.root
WARNING [run 24223]: cannot open ROOT file: ./Pass0_ROOTfiles/coin_replay_production_24223_-1.root
WARNING [run 24224]: cannot open ROOT file: ./Pass0_ROOTfiles/coin_replay_production_24224_-1.root
WARNING [run 24225]: cannot open ROOT file: ./Pass0_ROOTfiles/coin_replay_production_24225_-1.root
WARNING [run 24226]: cannot open ROOT file: ./Pass0_ROOTfiles/coin_replay_production_24226_-1.root
WARNING [run 24227]: cannot open ROOT file: ./Pass0_ROOTfiles/coin_replay_production_24227_-1.root
WARNING [run 24228]: cannot open ROOT file: ./Pass0_ROOTfiles/coin_replay_production_24228_-1.root
WARNING [run 24229]: cannot open ROOT file: ./Pass0_ROOTfiles/coin_replay_production_24229_-1.root
WARNING [run 24230]: cannot open ROOT file: ./Pass0_ROOTfiles/coin_replay_production_24230_-1.root
WARNING [run 24257]: cannot open ROOT file: ./Pass0_ROOTfiles/coin_replay_production_24257_-1.root
WARNING [run 24258]: cannot open ROOT file: ./Pass0_ROOTfiles/coin_replay_production_24258_-1.root
WARNING [run 24259]: cannot open ROOT file: ./Pass0_ROOTfiles/coin_replay_production_24259_-1.root
WARNING [run 24260]: cannot open ROOT file: ./Pass0_ROOTfiles/coin_replay_production_24260_-1.root
WARNING [run 24261]: cannot open ROOT file: ./Pass0_ROOTfiles/coin_replay_production_24261_-1.root
WARNING [run 24262]: cannot open ROOT file: ./Pass0_ROOTfiles/coin_replay_production_24262_-1.root
WARNING [run 24263]: cannot open ROOT file: ./Pass0_ROOTfiles/coin_replay_production_24263_-1.root
WARNING [run 24264]: cannot open ROOT file: ./Pass0_ROOTfiles/coin_replay_production_24264_-1.root
WARNING [run 24554]: cannot open ROOT file: ./Pass0_ROOTfiles/coin_replay_production_24554_-1.root
WARNING [run 24232]: cannot open ROOT file: ./Pass0_ROOTfiles/coin_replay_production_24232_-1.root
WARNING [run 24233]: cannot open ROOT file: ./Pass0_ROOTfiles/coin_replay_production_24233_-1.root
WARNING [run 24234]: cannot open ROOT file: ./Pass0_ROOTfiles/coin_replay_production_24234_-1.root
WARNING [run 24268]: cannot open ROOT file: ./Pass0_ROOTfiles/coin_replay_production_24268_-1.root
WARNING [run 24269]: cannot open ROOT file: ./Pass0_ROOTfiles/coin_replay_production_24269_-1.root
WARNING [run 24555]: cannot open ROOT file: ./Pass0_ROOTfiles/coin_replay_production_24555_-1.root

Wrote CSV: /home/cdaq/users/rparvez/RP_Scripts/rate_dependence_v1/results/pass4/pi+sidis/LH2/z0p67/x0p25/Q23p3/hmsPneg1p531_shmsP4p868_hmsTh29p045_shmsTh7p865_thpq2/tables/coincidence_blocking_by_run.csv
