YieldRatioVsTrigger (v1, signal-only)
manifest: /home/cdaq/users/rparvez/RP_Scripts/rate_dependence_v1/settings/pass4/pi+sidis/LH2/z0p67/x0p25/Q23p3/hmsPneg1p531_shmsP4p868_hmsTh29p045_shmsTh7p865_thpq2/manifest.json
setting_dir: /home/cdaq/users/rparvez/RP_Scripts/rate_dependence_v1/settings/pass4/pi+sidis/LH2/z0p67/x0p25/Q23p3/hmsPneg1p531_shmsP4p868_hmsTh29p045_shmsTh7p865_thpq2
results_base: /home/cdaq/users/rparvez/RP_Scripts/rate_dependence_v1/results/pass4/pi+sidis/LH2/z0p67/x0p25/Q23p3/hmsPneg1p531_shmsP4p868_hmsTh29p045_shmsTh7p865_thpq2
log: /home/cdaq/users/rparvez/RP_Scripts/rate_dependence_v1/results/pass4/pi+sidis/LH2/z0p67/x0p25/Q23p3/hmsPneg1p531_shmsP4p868_hmsTh29p045_shmsTh7p865_thpq2/logs/YieldRatioVsTrigger.log

Loaded /home/cdaq/users/rparvez/RP_Scripts/rate_dependence_v1/results/pass4/pi+sidis/LH2/z0p67/x0p25/Q23p3/hmsPneg1p531_shmsP4p868_hmsTh29p045_shmsTh7p865_thpq2/tables/yield_vs_trigger_shms34.csv: rows=24, signal=17, runs=17
Loaded /home/cdaq/users/rparvez/RP_Scripts/rate_dependence_v1/results/pass4/pi+sidis/LH2/z0p67/x0p25/Q23p3/hmsPneg1p531_shmsP4p868_hmsTh29p045_shmsTh7p865_thpq2/tables/hms_elclean_chargeNorm_vs_current.csv: rows=24, signal=17, runs=17
Fit1 (raw): r = a + b*R
  range_kHz: [219.481, 656.969]
  a = 0.000353387035239 +/- 9.02396357455e-06
  b = -5.00852997501e-08 +/- 1.57609319772e-08 (per kHz)
  chi2/ndf = 2.323234562 (15), prob=0.00258410529244

WARNING: Fit1 probability is small (<0.01). Interpret a (intercept) with caution.
Fit2 (norm): y = 1 + m*R
  range_kHz: [219.481, 656.969]
  m = -0.000141206832441 +/- 1.33196228522e-05 (per kHz)
  tau_ns = 141.206832441 +/- 13.3196228522
  chi2/ndf = 0.958554440093 (16), prob=0.500117686018

Wrote CSV: /home/cdaq/users/rparvez/RP_Scripts/rate_dependence_v1/results/pass4/pi+sidis/LH2/z0p67/x0p25/Q23p3/hmsPneg1p531_shmsP4p868_hmsTh29p045_shmsTh7p865_thpq2/tables/yield_ratio_vs_trigger_shms34.csv
Wrote PNG: /home/cdaq/users/rparvez/RP_Scripts/rate_dependence_v1/results/pass4/pi+sidis/LH2/z0p67/x0p25/Q23p3/hmsPneg1p531_shmsP4p868_hmsTh29p045_shmsTh7p865_thpq2/PNGs/yield_ratio_vs_trigger_shms34.png
Wrote ROOT: /home/cdaq/users/rparvez/RP_Scripts/rate_dependence_v1/results/pass4/pi+sidis/LH2/z0p67/x0p25/Q23p3/hmsPneg1p531_shmsP4p868_hmsTh29p045_shmsTh7p865_thpq2/canvases/yield_ratio_vs_trigger_shms34.root
