CoincidenceBlockingByRun
manifest: /home/cdaq/users/rparvez/RP_Scripts/rate_dependence_v1/settings/pass5/pi-sidis/LH2/z0p67/x0p25/Q23p3/hmsPneg3p642_shmsPneg4p868_hmsTh16p75_shmsTh7p51_thpqneg0p8/manifest.json
setting_dir: /home/cdaq/users/rparvez/RP_Scripts/rate_dependence_v1/settings/pass5/pi-sidis/LH2/z0p67/x0p25/Q23p3/hmsPneg3p642_shmsPneg4p868_hmsTh16p75_shmsTh7p51_thpqneg0p8
setting_id: hmsPneg3p642_shmsPneg4p868_hmsTh16p75_shmsTh7p51_thpqneg0p8
results_base: /home/cdaq/users/rparvez/RP_Scripts/rate_dependence_v1/results/pass5/pi-sidis/LH2/z0p67/x0p25/Q23p3/hmsPneg3p642_shmsPneg4p868_hmsTh16p75_shmsTh7p51_thpqneg0p8
log: /home/cdaq/users/rparvez/RP_Scripts/rate_dependence_v1/results/pass5/pi-sidis/LH2/z0p67/x0p25/Q23p3/hmsPneg3p642_shmsPneg4p868_hmsTh16p75_shmsTh7p51_thpqneg0p8/logs/CoincidenceBlockingByRun.log

Loaded rows from run_metadata.csv: 12
WARNING [run 25049]: cannot open ROOT file: ./Pass0_ROOTfiles/coin_replay_production_25049_-1.root
WARNING [run 25050]: cannot open ROOT file: ./Pass0_ROOTfiles/coin_replay_production_25050_-1.root
WARNING [run 25051]: cannot open ROOT file: ./Pass0_ROOTfiles/coin_replay_production_25051_-1.root
WARNING [run 25052]: cannot open ROOT file: ./Pass0_ROOTfiles/coin_replay_production_25052_-1.root
WARNING [run 25053]: cannot open ROOT file: ./Pass0_ROOTfiles/coin_replay_production_25053_-1.root
WARNING [run 25069]: cannot open ROOT file: ./Pass0_ROOTfiles/coin_replay_production_25069_-1.root
WARNING [run 25070]: cannot open ROOT file: ./Pass0_ROOTfiles/coin_replay_production_25070_-1.root
WARNING [run 25071]: cannot open ROOT file: ./Pass0_ROOTfiles/coin_replay_production_25071_-1.root
WARNING [run 25072]: cannot open ROOT file: ./Pass0_ROOTfiles/coin_replay_production_25072_-1.root
WARNING [run 25073]: cannot open ROOT file: ./Pass0_ROOTfiles/coin_replay_production_25073_-1.root
WARNING [run 25056]: cannot open ROOT file: ./Pass0_ROOTfiles/coin_replay_production_25056_-1.root
WARNING [run 25074]: cannot open ROOT file: ./Pass0_ROOTfiles/coin_replay_production_25074_-1.root

Wrote CSV: /home/cdaq/users/rparvez/RP_Scripts/rate_dependence_v1/results/pass5/pi-sidis/LH2/z0p67/x0p25/Q23p3/hmsPneg3p642_shmsPneg4p868_hmsTh16p75_shmsTh7p51_thpqneg0p8/tables/coincidence_blocking_by_run.csv
