YieldRatioVsTrigger (v1, signal-only)
manifest: /home/cdaq/users/rparvez/RP_Scripts/rate_dependence_v1/settings/pass5/pi-sidis/LH2/z0p67/x0p25/Q23p3/hmsPneg3p642_shmsPneg4p868_hmsTh16p75_shmsTh7p51_thpqneg0p8/manifest.json
setting_dir: /home/cdaq/users/rparvez/RP_Scripts/rate_dependence_v1/settings/pass5/pi-sidis/LH2/z0p67/x0p25/Q23p3/hmsPneg3p642_shmsPneg4p868_hmsTh16p75_shmsTh7p51_thpqneg0p8
results_base: /home/cdaq/users/rparvez/RP_Scripts/rate_dependence_v1/results/pass5/pi-sidis/LH2/z0p67/x0p25/Q23p3/hmsPneg3p642_shmsPneg4p868_hmsTh16p75_shmsTh7p51_thpqneg0p8
log: /home/cdaq/users/rparvez/RP_Scripts/rate_dependence_v1/results/pass5/pi-sidis/LH2/z0p67/x0p25/Q23p3/hmsPneg3p642_shmsPneg4p868_hmsTh16p75_shmsTh7p51_thpqneg0p8/logs/YieldRatioVsTrigger.log

Loaded /home/cdaq/users/rparvez/RP_Scripts/rate_dependence_v1/results/pass5/pi-sidis/LH2/z0p67/x0p25/Q23p3/hmsPneg3p642_shmsPneg4p868_hmsTh16p75_shmsTh7p51_thpqneg0p8/tables/yield_vs_trigger_shms34.csv: rows=17, signal=10, runs=10
Loaded /home/cdaq/users/rparvez/RP_Scripts/rate_dependence_v1/results/pass5/pi-sidis/LH2/z0p67/x0p25/Q23p3/hmsPneg3p642_shmsPneg4p868_hmsTh16p75_shmsTh7p51_thpqneg0p8/tables/hms_elclean_chargeNorm_vs_current.csv: rows=17, signal=10, runs=10
Fit1 (raw): r = a + b*R
  range_kHz: [279.231, 848.918]
  a = 0.0001742195426 +/- 2.86576715199e-06
  b = -2.24878516444e-08 +/- 3.84465446619e-09 (per kHz)
  chi2/ndf = 0.759611905349 (8), prob=0.638618717035

Fit2 (norm): y = 1 + m*R
  range_kHz: [279.231, 848.918]
  m = -0.000129101493677 +/- 8.6617056347e-06 (per kHz)
  tau_ns = 129.101493677 +/- 8.6617056347
  chi2/ndf = 0.35503934347 (9), prob=0.956043340728

Wrote CSV: /home/cdaq/users/rparvez/RP_Scripts/rate_dependence_v1/results/pass5/pi-sidis/LH2/z0p67/x0p25/Q23p3/hmsPneg3p642_shmsPneg4p868_hmsTh16p75_shmsTh7p51_thpqneg0p8/tables/yield_ratio_vs_trigger_shms34.csv
Wrote PNG: /home/cdaq/users/rparvez/RP_Scripts/rate_dependence_v1/results/pass5/pi-sidis/LH2/z0p67/x0p25/Q23p3/hmsPneg3p642_shmsPneg4p868_hmsTh16p75_shmsTh7p51_thpqneg0p8/PNGs/yield_ratio_vs_trigger_shms34.png
Wrote ROOT: /home/cdaq/users/rparvez/RP_Scripts/rate_dependence_v1/results/pass5/pi-sidis/LH2/z0p67/x0p25/Q23p3/hmsPneg3p642_shmsPneg4p868_hmsTh16p75_shmsTh7p51_thpqneg0p8/canvases/yield_ratio_vs_trigger_shms34.root
