YieldRatioVsTrigger (v1, signal-only)
manifest: /home/cdaq/users/rparvez/RP_Scripts/rate_dependence_v1/settings/pass5/pi+sidis/LH2/z0p9/x0p25/Q23p3/hmsPneg3p642_shmsP6p538_hmsTh16p75_shmsTh7p51_thpqneg0p8/manifest.json
setting_dir: /home/cdaq/users/rparvez/RP_Scripts/rate_dependence_v1/settings/pass5/pi+sidis/LH2/z0p9/x0p25/Q23p3/hmsPneg3p642_shmsP6p538_hmsTh16p75_shmsTh7p51_thpqneg0p8
results_base: /home/cdaq/users/rparvez/RP_Scripts/rate_dependence_v1/results/pass5/pi+sidis/LH2/z0p9/x0p25/Q23p3/hmsPneg3p642_shmsP6p538_hmsTh16p75_shmsTh7p51_thpqneg0p8
log: /home/cdaq/users/rparvez/RP_Scripts/rate_dependence_v1/results/pass5/pi+sidis/LH2/z0p9/x0p25/Q23p3/hmsPneg3p642_shmsP6p538_hmsTh16p75_shmsTh7p51_thpqneg0p8/logs/YieldRatioVsTrigger.log

Loaded /home/cdaq/users/rparvez/RP_Scripts/rate_dependence_v1/results/pass5/pi+sidis/LH2/z0p9/x0p25/Q23p3/hmsPneg3p642_shmsP6p538_hmsTh16p75_shmsTh7p51_thpqneg0p8/tables/yield_vs_trigger_shms34.csv: rows=12, signal=5, runs=5
Loaded /home/cdaq/users/rparvez/RP_Scripts/rate_dependence_v1/results/pass5/pi+sidis/LH2/z0p9/x0p25/Q23p3/hmsPneg3p642_shmsP6p538_hmsTh16p75_shmsTh7p51_thpqneg0p8/tables/hms_elclean_chargeNorm_vs_current.csv: rows=12, signal=5, runs=5
Fit1 (raw): r = a + b*R
  range_kHz: [167.091, 497.701]
  a = 0.000336262064386 +/- 4.50401413334e-06
  b = -3.72333708205e-08 +/- 1.04357337445e-08 (per kHz)
  chi2/ndf = 2.33207612531 (3), prob=0.0720180841883

Fit2 (norm): y = 1 + m*R
  range_kHz: [167.091, 497.701]
  m = -0.00011098558344 +/- 1.59071933481e-05 (per kHz)
  tau_ns = 110.98558344 +/- 15.9071933481
  chi2/ndf = 0.421632053868 (4), prob=0.793163312324

Wrote CSV: /home/cdaq/users/rparvez/RP_Scripts/rate_dependence_v1/results/pass5/pi+sidis/LH2/z0p9/x0p25/Q23p3/hmsPneg3p642_shmsP6p538_hmsTh16p75_shmsTh7p51_thpqneg0p8/tables/yield_ratio_vs_trigger_shms34.csv
Wrote PNG: /home/cdaq/users/rparvez/RP_Scripts/rate_dependence_v1/results/pass5/pi+sidis/LH2/z0p9/x0p25/Q23p3/hmsPneg3p642_shmsP6p538_hmsTh16p75_shmsTh7p51_thpqneg0p8/PNGs/yield_ratio_vs_trigger_shms34.png
Wrote ROOT: /home/cdaq/users/rparvez/RP_Scripts/rate_dependence_v1/results/pass5/pi+sidis/LH2/z0p9/x0p25/Q23p3/hmsPneg3p642_shmsP6p538_hmsTh16p75_shmsTh7p51_thpqneg0p8/canvases/yield_ratio_vs_trigger_shms34.root
