YieldRatioVsTrigger (v1, signal-only)
manifest: /home/cdaq/users/rparvez/RP_Scripts/rate_dependence_v1/settings/pass5/pi-sidis/LD2/z0p5/x0p25/Q23p3/hmsPneg3p642_shmsPneg3p632_hmsTh16p75_shmsTh10p31_thpq2/manifest.json
setting_dir: /home/cdaq/users/rparvez/RP_Scripts/rate_dependence_v1/settings/pass5/pi-sidis/LD2/z0p5/x0p25/Q23p3/hmsPneg3p642_shmsPneg3p632_hmsTh16p75_shmsTh10p31_thpq2
results_base: /home/cdaq/users/rparvez/RP_Scripts/rate_dependence_v1/results/pass5/pi-sidis/LD2/z0p5/x0p25/Q23p3/hmsPneg3p642_shmsPneg3p632_hmsTh16p75_shmsTh10p31_thpq2
log: /home/cdaq/users/rparvez/RP_Scripts/rate_dependence_v1/results/pass5/pi-sidis/LD2/z0p5/x0p25/Q23p3/hmsPneg3p642_shmsPneg3p632_hmsTh16p75_shmsTh10p31_thpq2/logs/YieldRatioVsTrigger.log

Loaded /home/cdaq/users/rparvez/RP_Scripts/rate_dependence_v1/results/pass5/pi-sidis/LD2/z0p5/x0p25/Q23p3/hmsPneg3p642_shmsPneg3p632_hmsTh16p75_shmsTh10p31_thpq2/tables/yield_vs_trigger_shms34.csv: rows=12, signal=5, runs=5
Loaded /home/cdaq/users/rparvez/RP_Scripts/rate_dependence_v1/results/pass5/pi-sidis/LD2/z0p5/x0p25/Q23p3/hmsPneg3p642_shmsPneg3p632_hmsTh16p75_shmsTh10p31_thpq2/tables/hms_elclean_chargeNorm_vs_current.csv: rows=12, signal=5, runs=5
Fit1 (raw): r = a + b*R
  range_kHz: [421.938, 837.234]
  a = 0.000224931110337 +/- 4.13547171051e-06
  b = -3.1176549674e-08 +/- 5.55575970607e-09 (per kHz)
  chi2/ndf = 0.407281992635 (3), prob=0.747769653177

Fit2 (norm): y = 1 + m*R
  range_kHz: [421.938, 837.234]
  m = -0.000138420087451 +/- 1.21606754554e-05 (per kHz)
  tau_ns = 138.420087451 +/- 12.1606754554
  chi2/ndf = 0.0793721516858 (4), prob=0.988657435808

Wrote CSV: /home/cdaq/users/rparvez/RP_Scripts/rate_dependence_v1/results/pass5/pi-sidis/LD2/z0p5/x0p25/Q23p3/hmsPneg3p642_shmsPneg3p632_hmsTh16p75_shmsTh10p31_thpq2/tables/yield_ratio_vs_trigger_shms34.csv
Wrote PNG: /home/cdaq/users/rparvez/RP_Scripts/rate_dependence_v1/results/pass5/pi-sidis/LD2/z0p5/x0p25/Q23p3/hmsPneg3p642_shmsPneg3p632_hmsTh16p75_shmsTh10p31_thpq2/PNGs/yield_ratio_vs_trigger_shms34.png
Wrote ROOT: /home/cdaq/users/rparvez/RP_Scripts/rate_dependence_v1/results/pass5/pi-sidis/LD2/z0p5/x0p25/Q23p3/hmsPneg3p642_shmsPneg3p632_hmsTh16p75_shmsTh10p31_thpq2/canvases/yield_ratio_vs_trigger_shms34.root
