YieldRatioVsTrigger (v1, signal-only)
manifest: /home/cdaq/users/rparvez/RP_Scripts/rate_dependence_v1/settings/pass5/pi-sidis/LH2/z0p5/x0p25/Q23p3/hmsPneg3p642_shmsPneg3p632_hmsTh16p75_shmsTh10p31_thpq2/manifest.json
setting_dir: /home/cdaq/users/rparvez/RP_Scripts/rate_dependence_v1/settings/pass5/pi-sidis/LH2/z0p5/x0p25/Q23p3/hmsPneg3p642_shmsPneg3p632_hmsTh16p75_shmsTh10p31_thpq2
results_base: /home/cdaq/users/rparvez/RP_Scripts/rate_dependence_v1/results/pass5/pi-sidis/LH2/z0p5/x0p25/Q23p3/hmsPneg3p642_shmsPneg3p632_hmsTh16p75_shmsTh10p31_thpq2
log: /home/cdaq/users/rparvez/RP_Scripts/rate_dependence_v1/results/pass5/pi-sidis/LH2/z0p5/x0p25/Q23p3/hmsPneg3p642_shmsPneg3p632_hmsTh16p75_shmsTh10p31_thpq2/logs/YieldRatioVsTrigger.log

Loaded /home/cdaq/users/rparvez/RP_Scripts/rate_dependence_v1/results/pass5/pi-sidis/LH2/z0p5/x0p25/Q23p3/hmsPneg3p642_shmsPneg3p632_hmsTh16p75_shmsTh10p31_thpq2/tables/yield_vs_trigger_shms34.csv: rows=12, signal=5, runs=5
Loaded /home/cdaq/users/rparvez/RP_Scripts/rate_dependence_v1/results/pass5/pi-sidis/LH2/z0p5/x0p25/Q23p3/hmsPneg3p642_shmsPneg3p632_hmsTh16p75_shmsTh10p31_thpq2/tables/hms_elclean_chargeNorm_vs_current.csv: rows=12, signal=5, runs=5
Fit1 (raw): r = a + b*R
  range_kHz: [315.268, 629.43]
  a = 0.000191840223913 +/- 3.84117737409e-06
  b = -2.1533064968e-08 +/- 7.30948801381e-09 (per kHz)
  chi2/ndf = 0.450314286702 (3), prob=0.717073183324

Fit2 (norm): y = 1 + m*R
  range_kHz: [315.268, 629.43]
  m = -0.000112460948365 +/- 1.92161854998e-05 (per kHz)
  tau_ns = 112.460948365 +/- 19.2161854998
  chi2/ndf = 0.0971699636452 (4), prob=0.983393182494

Wrote CSV: /home/cdaq/users/rparvez/RP_Scripts/rate_dependence_v1/results/pass5/pi-sidis/LH2/z0p5/x0p25/Q23p3/hmsPneg3p642_shmsPneg3p632_hmsTh16p75_shmsTh10p31_thpq2/tables/yield_ratio_vs_trigger_shms34.csv
Wrote PNG: /home/cdaq/users/rparvez/RP_Scripts/rate_dependence_v1/results/pass5/pi-sidis/LH2/z0p5/x0p25/Q23p3/hmsPneg3p642_shmsPneg3p632_hmsTh16p75_shmsTh10p31_thpq2/PNGs/yield_ratio_vs_trigger_shms34.png
Wrote ROOT: /home/cdaq/users/rparvez/RP_Scripts/rate_dependence_v1/results/pass5/pi-sidis/LH2/z0p5/x0p25/Q23p3/hmsPneg3p642_shmsPneg3p632_hmsTh16p75_shmsTh10p31_thpq2/canvases/yield_ratio_vs_trigger_shms34.root
