Reading startup commands from /home/cdaq/.root/rootlogon.C

Processing macros/CoincidenceBlockingByRun.C("/home/cdaq/users/rparvez/RP_Scripts/rate_dependence_v1/settings/pass5/pi+sidis/LD2/z0p9/x0p25/Q23p3/hmsPneg3p642_shmsP6p538_hmsTh16p75_shmsTh7p51_thpqneg0p8/manifest.json","/home/cdaq/users/rparvez/RP_Scripts/rate_dependence_v1/results")...
Warning in <TClass::Init>: no dictionary for class THcRunParameters is available
Warning in <TClass::Init>: no dictionary for class THaRunParameters is available
Warning in <TClass::Init>: no dictionary for class THaEvent is available
Warning in <TClass::Init>: no dictionary for class THaEventHeader is available
Warning in <TClass::Init>: no dictionary for class THcRun is available
Warning in <TClass::Init>: no dictionary for class THaRun is available
Warning in <TClass::Init>: no dictionary for class THaCodaRun is available
Warning in <TClass::Init>: no dictionary for class THaRunBase is available
Warning in <TClass::Init>: no dictionary for class DAQInfoExtra is available
Warning in <TClass::Init>: no dictionary for class DAQconfig is available
Error in <TBranch::GetBasket>: File: ./Pass0p1_ROOTfiles/coin_replay_production_24878_-1.root at byte:0, branch:CTime.CoinTime_RAW_ROC2, entry:690751, badread=0, nerrors=1, basketnumber=2080
Error in <TBranch::GetBasket>: File: ./Pass0p1_ROOTfiles/coin_replay_production_24878_-1.root at byte:0, branch:CTime.CoinTime_RAW_ROC2, entry:690752, badread=0, nerrors=2, basketnumber=2080
Error in <TBranch::GetBasket>: File: ./Pass0p1_ROOTfiles/coin_replay_production_24878_-1.root at byte:0, branch:CTime.CoinTime_RAW_ROC2, entry:690753, badread=0, nerrors=3, basketnumber=2080
Error in <TBranch::GetBasket>: File: ./Pass0p1_ROOTfiles/coin_replay_production_24878_-1.root at byte:0, branch:CTime.CoinTime_RAW_ROC2, entry:690754, badread=0, nerrors=4, basketnumber=2080
Error in <TBranch::GetBasket>: File: ./Pass0p1_ROOTfiles/coin_replay_production_24878_-1.root at byte:0, branch:CTime.CoinTime_RAW_ROC2, entry:690755, badread=0, nerrors=5, basketnumber=2080
Error in <TBranch::GetBasket>: File: ./Pass0p1_ROOTfiles/coin_replay_production_24878_-1.root at byte:0, branch:CTime.CoinTime_RAW_ROC2, entry:690756, badread=0, nerrors=6, basketnumber=2080
Error in <TBranch::GetBasket>: File: ./Pass0p1_ROOTfiles/coin_replay_production_24878_-1.root at byte:0, branch:CTime.CoinTime_RAW_ROC2, entry:690757, badread=0, nerrors=7, basketnumber=2080
Error in <TBranch::GetBasket>: File: ./Pass0p1_ROOTfiles/coin_replay_production_24878_-1.root at byte:0, branch:CTime.CoinTime_RAW_ROC2, entry:690758, badread=0, nerrors=8, basketnumber=2080
Error in <TBranch::GetBasket>: File: ./Pass0p1_ROOTfiles/coin_replay_production_24878_-1.root at byte:0, branch:CTime.CoinTime_RAW_ROC2, entry:690759, badread=0, nerrors=9, basketnumber=2080
 file probably overwritten: stopping reporting error messages
===>File is more than 2 Gigabytes
Wrote CSV: /home/cdaq/users/rparvez/RP_Scripts/rate_dependence_v1/results/pass5/pi+sidis/LD2/z0p9/x0p25/Q23p3/hmsPneg3p642_shmsP6p538_hmsTh16p75_shmsTh7p51_thpqneg0p8/tables/coincidence_blocking_by_run.csv
