YieldRatioVsTrigger (v1, signal-only)
manifest: /home/cdaq/users/rparvez/RP_Scripts/rate_dependence_v1/settings/pass5/pi+sidis/LD2/z0p9/x0p25/Q23p3/hmsPneg3p642_shmsP6p538_hmsTh16p75_shmsTh7p51_thpqneg0p8/manifest.json
setting_dir: /home/cdaq/users/rparvez/RP_Scripts/rate_dependence_v1/settings/pass5/pi+sidis/LD2/z0p9/x0p25/Q23p3/hmsPneg3p642_shmsP6p538_hmsTh16p75_shmsTh7p51_thpqneg0p8
results_base: /home/cdaq/users/rparvez/RP_Scripts/rate_dependence_v1/results/pass5/pi+sidis/LD2/z0p9/x0p25/Q23p3/hmsPneg3p642_shmsP6p538_hmsTh16p75_shmsTh7p51_thpqneg0p8
log: /home/cdaq/users/rparvez/RP_Scripts/rate_dependence_v1/results/pass5/pi+sidis/LD2/z0p9/x0p25/Q23p3/hmsPneg3p642_shmsP6p538_hmsTh16p75_shmsTh7p51_thpqneg0p8/logs/YieldRatioVsTrigger.log

Loaded /home/cdaq/users/rparvez/RP_Scripts/rate_dependence_v1/results/pass5/pi+sidis/LD2/z0p9/x0p25/Q23p3/hmsPneg3p642_shmsP6p538_hmsTh16p75_shmsTh7p51_thpqneg0p8/tables/yield_vs_trigger_shms34.csv: rows=14, signal=7, runs=7
Loaded /home/cdaq/users/rparvez/RP_Scripts/rate_dependence_v1/results/pass5/pi+sidis/LD2/z0p9/x0p25/Q23p3/hmsPneg3p642_shmsP6p538_hmsTh16p75_shmsTh7p51_thpqneg0p8/tables/hms_elclean_chargeNorm_vs_current.csv: rows=14, signal=7, runs=7
Fit1 (raw): r = a + b*R
  range_kHz: [213.025, 873.429]
  a = 0.000302614829865 +/- 3.14386149582e-06
  b = -3.28735553588e-08 +/- 4.77778416766e-09 (per kHz)
  chi2/ndf = 0.636393462958 (5), prob=0.671955085211

Fit2 (norm): y = 1 + m*R
  range_kHz: [213.025, 873.429]
  m = -0.000109422087329 +/- 7.51708310552e-06 (per kHz)
  tau_ns = 109.422087329 +/- 7.51708310552
  chi2/ndf = 0.184206172102 (6), prob=0.981306574796

Wrote CSV: /home/cdaq/users/rparvez/RP_Scripts/rate_dependence_v1/results/pass5/pi+sidis/LD2/z0p9/x0p25/Q23p3/hmsPneg3p642_shmsP6p538_hmsTh16p75_shmsTh7p51_thpqneg0p8/tables/yield_ratio_vs_trigger_shms34.csv
Wrote PNG: /home/cdaq/users/rparvez/RP_Scripts/rate_dependence_v1/results/pass5/pi+sidis/LD2/z0p9/x0p25/Q23p3/hmsPneg3p642_shmsP6p538_hmsTh16p75_shmsTh7p51_thpqneg0p8/PNGs/yield_ratio_vs_trigger_shms34.png
Wrote ROOT: /home/cdaq/users/rparvez/RP_Scripts/rate_dependence_v1/results/pass5/pi+sidis/LD2/z0p9/x0p25/Q23p3/hmsPneg3p642_shmsP6p538_hmsTh16p75_shmsTh7p51_thpqneg0p8/canvases/yield_ratio_vs_trigger_shms34.root
