YieldRatioVsTrigger (v1, signal-only)
manifest: /home/cdaq/users/rparvez/RP_Scripts/rate_dependence_v1/settings/pass4/pi+sidis/LD2/z0p5/x0p25/Q23p3/hmsPneg1p531_shmsP3p632_hmsTh29p045_shmsTh11p075_thpq5p2/manifest.json
setting_dir: /home/cdaq/users/rparvez/RP_Scripts/rate_dependence_v1/settings/pass4/pi+sidis/LD2/z0p5/x0p25/Q23p3/hmsPneg1p531_shmsP3p632_hmsTh29p045_shmsTh11p075_thpq5p2
results_base: /home/cdaq/users/rparvez/RP_Scripts/rate_dependence_v1/results/pass4/pi+sidis/LD2/z0p5/x0p25/Q23p3/hmsPneg1p531_shmsP3p632_hmsTh29p045_shmsTh11p075_thpq5p2
log: /home/cdaq/users/rparvez/RP_Scripts/rate_dependence_v1/results/pass4/pi+sidis/LD2/z0p5/x0p25/Q23p3/hmsPneg1p531_shmsP3p632_hmsTh29p045_shmsTh11p075_thpq5p2/logs/YieldRatioVsTrigger.log

Loaded /home/cdaq/users/rparvez/RP_Scripts/rate_dependence_v1/results/pass4/pi+sidis/LD2/z0p5/x0p25/Q23p3/hmsPneg1p531_shmsP3p632_hmsTh29p045_shmsTh11p075_thpq5p2/tables/yield_vs_trigger_shms34.csv: rows=27, signal=20, runs=20
Loaded /home/cdaq/users/rparvez/RP_Scripts/rate_dependence_v1/results/pass4/pi+sidis/LD2/z0p5/x0p25/Q23p3/hmsPneg1p531_shmsP3p632_hmsTh29p045_shmsTh11p075_thpq5p2/tables/hms_elclean_chargeNorm_vs_current.csv: rows=27, signal=20, runs=20
Fit1 (raw): r = a + b*R
  range_kHz: [305.982, 918.648]
  a = 0.000246694627551 +/- 6.19752539901e-06
  b = -1.9565109625e-08 +/- 7.49962985762e-09 (per kHz)
  chi2/ndf = 3.05441289763 (18), prob=1.28994355e-05

WARNING (STRONG): Fit1 probability is very small (<1e-4). Linear model may be insufficient or data inconsistent.
Fit2 (norm): y = 1 + m*R
  range_kHz: [305.982, 918.648]
  m = -8.13586989109e-05 +/- 8.97954969278e-06 (per kHz)
  tau_ns = 81.3586989109 +/- 8.97954969278
  chi2/ndf = 1.71848017747 (19), prob=0.0263640110573

Wrote CSV: /home/cdaq/users/rparvez/RP_Scripts/rate_dependence_v1/results/pass4/pi+sidis/LD2/z0p5/x0p25/Q23p3/hmsPneg1p531_shmsP3p632_hmsTh29p045_shmsTh11p075_thpq5p2/tables/yield_ratio_vs_trigger_shms34.csv
Wrote PNG: /home/cdaq/users/rparvez/RP_Scripts/rate_dependence_v1/results/pass4/pi+sidis/LD2/z0p5/x0p25/Q23p3/hmsPneg1p531_shmsP3p632_hmsTh29p045_shmsTh11p075_thpq5p2/PNGs/yield_ratio_vs_trigger_shms34.png
Wrote ROOT: /home/cdaq/users/rparvez/RP_Scripts/rate_dependence_v1/results/pass4/pi+sidis/LD2/z0p5/x0p25/Q23p3/hmsPneg1p531_shmsP3p632_hmsTh29p045_shmsTh11p075_thpq5p2/canvases/yield_ratio_vs_trigger_shms34.root
