YieldRatioVsTrigger (v1, signal-only)
manifest: /home/cdaq/users/rparvez/RP_Scripts/rate_dependence_v1/settings/pass4/pi-sidis/LH2/z0p5/x0p25/Q23p3/hmsPneg1p531_shmsPneg3p632_hmsTh29p045_shmsTh11p075_thpq5p2/manifest.json
setting_dir: /home/cdaq/users/rparvez/RP_Scripts/rate_dependence_v1/settings/pass4/pi-sidis/LH2/z0p5/x0p25/Q23p3/hmsPneg1p531_shmsPneg3p632_hmsTh29p045_shmsTh11p075_thpq5p2
results_base: /home/cdaq/users/rparvez/RP_Scripts/rate_dependence_v1/results/pass4/pi-sidis/LH2/z0p5/x0p25/Q23p3/hmsPneg1p531_shmsPneg3p632_hmsTh29p045_shmsTh11p075_thpq5p2
log: /home/cdaq/users/rparvez/RP_Scripts/rate_dependence_v1/results/pass4/pi-sidis/LH2/z0p5/x0p25/Q23p3/hmsPneg1p531_shmsPneg3p632_hmsTh29p045_shmsTh11p075_thpq5p2/logs/YieldRatioVsTrigger.log

Loaded /home/cdaq/users/rparvez/RP_Scripts/rate_dependence_v1/results/pass4/pi-sidis/LH2/z0p5/x0p25/Q23p3/hmsPneg1p531_shmsPneg3p632_hmsTh29p045_shmsTh11p075_thpq5p2/tables/yield_vs_trigger_shms34.csv: rows=37, signal=30, runs=30
Loaded /home/cdaq/users/rparvez/RP_Scripts/rate_dependence_v1/results/pass4/pi-sidis/LH2/z0p5/x0p25/Q23p3/hmsPneg1p531_shmsPneg3p632_hmsTh29p045_shmsTh11p075_thpq5p2/tables/hms_elclean_chargeNorm_vs_current.csv: rows=37, signal=30, runs=30
Fit1 (raw): r = a + b*R
  range_kHz: [163.487, 497.703]
  a = 0.000126773058816 +/- 3.10235839981e-06
  b = -1.65130493582e-09 +/- 7.50602412415e-09 (per kHz)
  chi2/ndf = 0.930011900426 (28), prob=0.570827459986

Fit2 (norm): y = 1 + m*R
  range_kHz: [163.487, 497.703]
  m = -1.3576659791e-05 +/- 1.91712935481e-05 (per kHz)
  tau_ns = 13.576659791 +/- 19.1712935481
  chi2/ndf = 0.607227590311 (29), prob=0.951843517913

Wrote CSV: /home/cdaq/users/rparvez/RP_Scripts/rate_dependence_v1/results/pass4/pi-sidis/LH2/z0p5/x0p25/Q23p3/hmsPneg1p531_shmsPneg3p632_hmsTh29p045_shmsTh11p075_thpq5p2/tables/yield_ratio_vs_trigger_shms34.csv
Wrote PNG: /home/cdaq/users/rparvez/RP_Scripts/rate_dependence_v1/results/pass4/pi-sidis/LH2/z0p5/x0p25/Q23p3/hmsPneg1p531_shmsPneg3p632_hmsTh29p045_shmsTh11p075_thpq5p2/PNGs/yield_ratio_vs_trigger_shms34.png
Wrote ROOT: /home/cdaq/users/rparvez/RP_Scripts/rate_dependence_v1/results/pass4/pi-sidis/LH2/z0p5/x0p25/Q23p3/hmsPneg1p531_shmsPneg3p632_hmsTh29p045_shmsTh11p075_thpq5p2/canvases/yield_ratio_vs_trigger_shms34.root
