YieldRatioVsTrigger (v1, signal-only)
manifest: /home/cdaq/users/rparvez/RP_Scripts/rate_dependence_v1/settings/pass5/pi-sidis/LH2/z0p9/x0p25/Q23p3/hmsPneg3p642_shmsPneg6p538_hmsTh16p75_shmsTh7p51_thpqneg0p8/manifest.json
setting_dir: /home/cdaq/users/rparvez/RP_Scripts/rate_dependence_v1/settings/pass5/pi-sidis/LH2/z0p9/x0p25/Q23p3/hmsPneg3p642_shmsPneg6p538_hmsTh16p75_shmsTh7p51_thpqneg0p8
results_base: /home/cdaq/users/rparvez/RP_Scripts/rate_dependence_v1/results/pass5/pi-sidis/LH2/z0p9/x0p25/Q23p3/hmsPneg3p642_shmsPneg6p538_hmsTh16p75_shmsTh7p51_thpqneg0p8
log: /home/cdaq/users/rparvez/RP_Scripts/rate_dependence_v1/results/pass5/pi-sidis/LH2/z0p9/x0p25/Q23p3/hmsPneg3p642_shmsPneg6p538_hmsTh16p75_shmsTh7p51_thpqneg0p8/logs/YieldRatioVsTrigger.log

Loaded /home/cdaq/users/rparvez/RP_Scripts/rate_dependence_v1/results/pass5/pi-sidis/LH2/z0p9/x0p25/Q23p3/hmsPneg3p642_shmsPneg6p538_hmsTh16p75_shmsTh7p51_thpqneg0p8/tables/yield_vs_trigger_shms34.csv: rows=12, signal=5, runs=5
Loaded /home/cdaq/users/rparvez/RP_Scripts/rate_dependence_v1/results/pass5/pi-sidis/LH2/z0p9/x0p25/Q23p3/hmsPneg3p642_shmsPneg6p538_hmsTh16p75_shmsTh7p51_thpqneg0p8/tables/hms_elclean_chargeNorm_vs_current.csv: rows=12, signal=5, runs=5
Fit1 (raw): r = a + b*R
  range_kHz: [276.048, 797.851]
  a = 0.000105110813084 +/- 2.72527036544e-06
  b = -1.71366977339e-08 +/- 3.93880592844e-09 (per kHz)
  chi2/ndf = 0.7638408965 (3), prob=0.514146879732

Fit2 (norm): y = 1 + m*R
  range_kHz: [276.048, 797.851]
  m = -0.000165482126837 +/- 1.82465134358e-05 (per kHz)
  tau_ns = 165.482126837 +/- 18.2465134358
  chi2/ndf = 0.187632385893 (4), prob=0.944954502731

Wrote CSV: /home/cdaq/users/rparvez/RP_Scripts/rate_dependence_v1/results/pass5/pi-sidis/LH2/z0p9/x0p25/Q23p3/hmsPneg3p642_shmsPneg6p538_hmsTh16p75_shmsTh7p51_thpqneg0p8/tables/yield_ratio_vs_trigger_shms34.csv
Wrote PNG: /home/cdaq/users/rparvez/RP_Scripts/rate_dependence_v1/results/pass5/pi-sidis/LH2/z0p9/x0p25/Q23p3/hmsPneg3p642_shmsPneg6p538_hmsTh16p75_shmsTh7p51_thpqneg0p8/PNGs/yield_ratio_vs_trigger_shms34.png
Wrote ROOT: /home/cdaq/users/rparvez/RP_Scripts/rate_dependence_v1/results/pass5/pi-sidis/LH2/z0p9/x0p25/Q23p3/hmsPneg3p642_shmsPneg6p538_hmsTh16p75_shmsTh7p51_thpqneg0p8/canvases/yield_ratio_vs_trigger_shms34.root
